Archive member included because of file (symbol)

c:/Espressif/ESP8266_SDK/lib\libmain.a(debug-vector.o)
                              (_DebugExceptionVector)
c:/Espressif/ESP8266_SDK/lib\libmain.a(double-vector.o)
                              (_DoubleExceptionVector)
c:/Espressif/ESP8266_SDK/lib\libmain.a(kernel-vector.o)
                              (_KernelExceptionVector)
c:/Espressif/ESP8266_SDK/lib\libmain.a(nmi-vector.o)
                              (_NMIExceptionVector)
c:/Espressif/ESP8266_SDK/lib\libmain.a(user-vector.o)
                              (_UserExceptionVector)
c:/Espressif/ESP8266_SDK/lib\libmain.a(vector.o)
                              (call_user_start)
c:/Espressif/ESP8266_SDK/lib\libmain.a(app_main.o)
                              c:/Espressif/ESP8266_SDK/lib\libmain.a(nmi-vector.o) (NMI_Handler)
c:/Espressif/ESP8266_SDK/lib\libmain.a(ets_timer.o)
                              c:/Espressif/ESP8266_SDK/lib\libmain.a(app_main.o) (ets_timer_setfn)
c:/Espressif/ESP8266_SDK/lib\libmain.a(mem_manager.o)
                              c:/Espressif/ESP8266_SDK/lib\libmain.a(app_main.o) (pvPortMalloc)
c:/Espressif/ESP8266_SDK/lib\libmain.a(spi_flash.o)
                              c:/Espressif/ESP8266_SDK/lib\libmain.a(app_main.o) (spi_flash_read)
c:/Espressif/ESP8266_SDK/lib\libmain.a(user_interface.o)
                              c:/Espressif/ESP8266_SDK/lib\libmain.a(app_main.o) (done_cb)
c:/Espressif/ESP8266_SDK/lib\libmain.a(eagle_lib.o)
                              c:/Espressif/ESP8266_SDK/lib\libmain.a(user_interface.o) (ets_sprintf)
c:/Espressif/ESP8266_SDK/lib\libmain.a(eagle_lwip_if.o)
                              c:/Espressif/ESP8266_SDK/lib\libmain.a(user_interface.o) (hostname)
c:/tools/sming/Sming/compiler/lib/\libsming.a(user_main.o)
                              c:/Espressif/ESP8266_SDK/lib\libmain.a(app_main.o) (user_init)
c:/tools/sming/Sming/compiler/lib/\libsming.a(System.o)
                              c:/tools/sming/Sming/compiler/lib/\libsming.a(user_main.o) (SystemClass::initialize())
c:/tools/sming/Sming/compiler/lib/\libsming.a(esp_cplusplus.o)
                              c:/tools/sming/Sming/compiler/lib/\libsming.a(user_main.o) (cpp_core_initialize)
c:/tools/sming/Sming/compiler/lib/\libsming.a(m_printf.o)
                              c:/tools/sming/Sming/compiler/lib/\libsming.a(esp_cplusplus.o) (m_printf)
c:/tools/sming/Sming/compiler/lib/\libsming.a(stringconversion.o)
                              c:/tools/sming/Sming/compiler/lib/\libsming.a(m_printf.o) (ltoa_w)
c:/tools/sming/Sming/compiler/lib/\libsming.a(IPAddress.o)
                              c:/tools/sming/Sming/compiler/lib/\libsming.a(user_main.o) (IPAddress::IPAddress(unsigned char, unsigned char, unsigned char, unsigned char))
c:/tools/sming/Sming/compiler/lib/\libsming.a(Print.o)
                              c:/tools/sming/Sming/compiler/lib/\libsming.a(IPAddress.o) (Print::print(char))
c:/tools/sming/Sming/compiler/lib/\libsming.a(WString.o)
                              c:/tools/sming/Sming/compiler/lib/\libsming.a(IPAddress.o) (String::~String())
c:/tools/sming/Sming/compiler/lib/\libsming.a(Interrupts.o)
                              c:/tools/sming/Sming/compiler/lib/\libsming.a(System.o) (noInterrupts())
c:/tools/sming/Sming/compiler/lib/\libsming.a(Digital.o)
                              c:/tools/sming/Sming/compiler/lib/\libsming.a(Interrupts.o) (pinMode(unsigned short, unsigned char))
out/build/app_app.a(application.o)
                              c:/tools/sming/Sming/compiler/lib/\libsming.a(user_main.o) (init())
c:/tools/sming/Sming/compiler/lib/\libmicroc.a(isspace.o)
                              c:/tools/sming/Sming/compiler/lib/\libsming.a(WString.o) (isspace)
c:/tools/sming/Sming/compiler/lib/\libmicroc.a(tolower.o)
                              c:/tools/sming/Sming/compiler/lib/\libsming.a(WString.o) (tolower)
c:/tools/sming/Sming/compiler/lib/\libmicroc.a(toupper.o)
                              c:/tools/sming/Sming/compiler/lib/\libsming.a(WString.o) (toupper)
c:/tools/sming/Sming/compiler/lib/\libmicroc.a(atof.o)
                              c:/tools/sming/Sming/compiler/lib/\libsming.a(WString.o) (atof)
c:/tools/sming/Sming/compiler/lib/\libmicroc.a(atoi.o)
                              c:/tools/sming/Sming/compiler/lib/\libsming.a(WString.o) (atoi)
c:/tools/sming/Sming/compiler/lib/\libmicroc.a(strtod.o)
                              c:/tools/sming/Sming/compiler/lib/\libmicroc.a(atof.o) (strtod)
c:/tools/sming/Sming/compiler/lib/\libmicroc.a(__fpclassify.o)
                              c:/tools/sming/Sming/compiler/lib/\libsming.a(stringconversion.o) (__fpclassifyd)
c:/tools/sming/Sming/compiler/lib/\libmicroc.a(__fpclassifyf.o)
                              out/build/app_app.a(application.o) (__fpclassifyf)
c:/tools/sming/Sming/compiler/lib/\libmicroc.a(strchr.o)
[...]
Memory Configuration

Name             Origin             Length             Attributes
dport0_0_seg     0x3ff00000         0x00000010
dram0_0_seg      0x3ffe8000         0x00014000
iram1_0_seg      0x40100000         0x00008000
irom0_0_seg      0x40209000         0x00042000
*default*        0x00000000         0xffffffff

Linker script and memory map

START GROUP
LOAD c:/tools/sming/Sming/compiler/lib/\libmicroc.a
LOAD c:/tools/sming/Sming/compiler/lib/\libmicrogcc.a
LOAD c:/espressif/xtensa-lx106-elf/bin/../lib/gcc/xtensa-lx106-elf/5.1.0/../../../../xtensa-lx106-elf/lib\libhal.a
LOAD c:/Espressif/ESP8266_SDK/lib\libphy.a
LOAD c:/Espressif/ESP8266_SDK/lib\libpp.a
LOAD c:/Espressif/ESP8266_SDK/lib\libnet80211.a
LOAD c:/Espressif/ESP8266_SDK/lib\liblwip.a
LOAD c:/Espressif/ESP8266_SDK/lib\libwpa.a
LOAD c:/Espressif/ESP8266_SDK/lib\libmain.a
LOAD c:/tools/sming/Sming/compiler/lib/\libsming.a
LOAD c:/Espressif/ESP8266_SDK/lib\libcrypto.a
LOAD c:/Espressif/ESP8266_SDK/lib\libpwm.a
LOAD out/build/app_app.a
END GROUP
                0x40000000                PROVIDE (_memmap_vecbase_reset, 0x40000000)
                0x00000110                _memmap_cacheattr_wb_base = 0x110
                0x00000110                _memmap_cacheattr_wt_base = 0x110
                0x00000220                _memmap_cacheattr_bp_base = 0x220
                0xfffff00f                _memmap_cacheattr_unused_mask = 0xfffff00f
                0x2222211f                _memmap_cacheattr_wb_trapnull = 0x2222211f
                0x2222211f                _memmap_cacheattr_wba_trapnull = 0x2222211f
                0x2222211f                _memmap_cacheattr_wbna_trapnull = 0x2222211f
                0x2222211f                _memmap_cacheattr_wt_trapnull = 0x2222211f
                0x2222222f                _memmap_cacheattr_bp_trapnull = 0x2222222f
                0xfffff11f                _memmap_cacheattr_wb_strict = 0xfffff11f
                0xfffff11f                _memmap_cacheattr_wt_strict = 0xfffff11f
                0xfffff22f                _memmap_cacheattr_bp_strict = 0xfffff22f
                0x22222112                _memmap_cacheattr_wb_allvalid = 0x22222112
                0x22222112                _memmap_cacheattr_wt_allvalid = 0x22222112
                0x22222222                _memmap_cacheattr_bp_allvalid = 0x22222222
                0x2222211f                PROVIDE (_memmap_cacheattr_reset, _memmap_cacheattr_wb_trapnull)

.dport0.rodata  0x3ff00000        0x0
                0x3ff00000                _dport0_rodata_start = ABSOLUTE (.)
 *(.dport0.rodata)
 *(.dport.rodata)
                0x3ff00000                _dport0_rodata_end = ABSOLUTE (.)

.dport0.literal
                0x3ff00000        0x0
                0x3ff00000                _dport0_literal_start = ABSOLUTE (.)
 *(.dport0.literal)
 *(.dport.literal)
                0x3ff00000                _dport0_literal_end = ABSOLUTE (.)

.dport0.data    0x3ff00000        0x0
                0x3ff00000                _dport0_data_start = ABSOLUTE (.)
 *(.dport0.data)
 *(.dport.data)
                0x3ff00000                _dport0_data_end = ABSOLUTE (.)

.data           0x3ffe8000      0x580
                0x3ffe8000                _data_start = ABSOLUTE (.)
 *(.data)
 .data          0x3ffe8000        0x4 c:/Espressif/ESP8266_SDK/lib\libmain.a(nmi-vector.o)
                0x3ffe8000                _Pri_3_HandlerAddress
 .data          0x3ffe8004        0x1 c:/Espressif/ESP8266_SDK/lib\libmain.a(app_main.o)
 *fill*         0x3ffe8005        0x3 
 .data          0x3ffe8008        0x6 c:/Espressif/ESP8266_SDK/lib\libmain.a(user_interface.o)
                0x3ffe8009                timer2_ms_flag
                0x3ffe800a                dhcps_flag
                0x3ffe800b                dhcpc_flag
                0x3ffe800d                reconnect_internal
 *fill*         0x3ffe800e        0x2 
 .data          0x3ffe8010        0x1 c:/Espressif/ESP8266_SDK/lib\libmain.a(eagle_lwip_if.o)
                0x3ffe8010                default_hostname
 *fill*         0x3ffe8011        0xf 
 .data          0x3ffe8020       0x53 c:/Espressif/ESP8266_SDK/lib\libphy.a(phy_chip_v6.o)
                0x3ffe8022                tx_rf_ana_gain
                0x3ffe8050                rx_gain_swp
                0x3ffe8070                test_rffreq_txcap
 *fill*         0x3ffe8073        0x1 
 .data          0x3ffe8074        0x4 c:/Espressif/ESP8266_SDK/lib\libphy.a(phy_sleep.o)
                0x3ffe8074                chip_version
 .data          0x3ffe8078        0x1 c:/Espressif/ESP8266_SDK/lib\libpp.a(pm.o)
 *fill*         0x3ffe8079        0x3 
 .data          0x3ffe807c        0x1 c:/Espressif/ESP8266_SDK/lib\libpp.a(pm_for_bcn_only_mode.o)
 *fill*         0x3ffe807d        0x3 
 .data          0x3ffe8080       0x1c c:/Espressif/ESP8266_SDK/lib\libpp.a(pp.o)
                0x3ffe8080                soft_wdt_interval
                0x3ffe8084                NoiseTimerInterval
                0x3ffe808c                sleep_start_wait_time
                0x3ffe8094                CanDoFreqCal
                0x3ffe8098                tcb
 *fill*         0x3ffe809c        0x4 
 .data          0x3ffe80a0       0x40 c:/Espressif/ESP8266_SDK/lib\libpp.a(rate_control.o)
 .data          0x3ffe80e0      0x24c c:/Espressif/ESP8266_SDK/lib\libpp.a(trc.o)
 .data          0x3ffe832c        0x8 c:/Espressif/ESP8266_SDK/lib\libpp.a(wdev.o)
 .data          0x3ffe8334        0x1 c:/Espressif/ESP8266_SDK/lib\libnet80211.a(ieee80211_hostap.o)
                0x3ffe8334                TmpSTAAPCloseAP
 *fill*         0x3ffe8335        0x3 
 .data          0x3ffe8338        0x1 c:/Espressif/ESP8266_SDK/lib\libnet80211.a(wl_cnx.o)
 *fill*         0x3ffe8339        0x7 
 .data          0x3ffe8340       0x1c c:/Espressif/ESP8266_SDK/lib\libnet80211.a(ieee80211_action.o)
 .data          0x3ffe835c        0x4 c:/Espressif/ESP8266_SDK/lib\liblwip.a(dhcp.o)
 .data          0x3ffe8360        0x5 c:/Espressif/ESP8266_SDK/lib\liblwip.a(dhcpserver.o)
                0x3ffe8360                dhcps_lease_time
 *fill*         0x3ffe8365        0x3 
 .data          0x3ffe8368        0x8 c:/Espressif/ESP8266_SDK/lib\liblwip.a(tcp.o)
 *(.data.*)
 .data.cbc_printchar
                0x3ffe8370        0x4 c:/tools/sming/Sming/compiler/lib/\libsming.a(m_printf.o)
                0x3ffe8370                cbc_printchar
 *fill*         0x3ffe8374        0x4 
 .data.timezone
                0x3ffe8378        0x8 out/build/app_app.a(application.o)
                0x3ffe8378                timezone
 .data.ftp_port
                0x3ffe8380        0x4 out/build/app_app.a(application.o)
                0x3ffe8380                ftp_port
 .data.ntp_interval
                0x3ffe8384        0x4 out/build/app_app.a(application.o)
                0x3ffe8384                ntp_interval
 .data.pcd8544_buffer
                0x3ffe8388      0x1f8 c:/tools/sming/Sming/compiler/lib/\libsming.a(Adafruit_PCD8544.o)
                0x3ffe8388                pcd8544_buffer
 *(.gnu.linkonce.d.*)
 *(.data1)
 *(.sdata)
 *(.sdata.*)
 *(.gnu.linkonce.s.*)
 *(.sdata2)
 *(.sdata2.*)
 *(.gnu.linkonce.s2.*)
 *(.jcr)
                0x3ffe8580                _data_end = ABSOLUTE (.)

.rodata         0x3ffe8580     0x1d78
                0x3ffe8580                _rodata_start = ABSOLUTE (.)
 *(.sdk.version)
 .sdk.version   0x3ffe8580        0x6 c:/Espressif/ESP8266_SDK/lib\libmain.a(app_main.o)
                0x3ffe8580                SDK_VERSION
 *(.rodata)
 *fill*         0x3ffe8586        0x2 
 .rodata        0x3ffe8588        0x8 c:/Espressif/ESP8266_SDK/lib\libphy.a(phy_chip_v6.o)
 .rodata        0x3ffe8590        0x4 c:/Espressif/ESP8266_SDK/lib\libpp.a(pp.o)
 .rodata        0x3ffe8594        0x8 c:/Espressif/ESP8266_SDK/lib\libnet80211.a(ieee80211_hostap.o)
 .rodata        0x3ffe859c        0x9 c:/Espressif/ESP8266_SDK/lib\libnet80211.a(ieee80211_output.o)
 *fill*         0x3ffe85a5        0x3 
 .rodata        0x3ffe85a8        0x6 c:/Espressif/ESP8266_SDK/lib\liblwip.a(etharp.o)
                0x3ffe85a8                ethbroadcast
 *(.rodata.*)
 *fill*         0x3ffe85ae        0x2 
 .rodata.str1.4
                0x3ffe85b0        0xc c:/Espressif/ESP8266_SDK/lib\libmain.a(app_main.o)
 .rodata.str1.4
                0x3ffe85bc        0x4 c:/Espressif/ESP8266_SDK/lib\libmain.a(ets_timer.o)
                                  0xc (size before relaxing)
 .rodata.str1.4
                0x3ffe85c0       0x1a c:/Espressif/ESP8266_SDK/lib\libmain.a(mem_manager.o)
 *fill*         0x3ffe85da        0x2 
 .rodata._ZL14EspDigitalPins
                0x3ffe85dc       0xc0 c:/tools/sming/Sming/compiler/lib/\libsming.a(user_main.o)
 .rodata._ZTV6VectorI8DelegateIFvvEEE
                0x3ffe869c       0x1c c:/tools/sming/Sming/compiler/lib/\libsming.a(System.o)
                0x3ffe869c                vtable for Vector<Delegate<void ()> >
 .rodata._ZTV6VectorIP19ISystemReadyHandlerE
                0x3ffe86b8       0x1c c:/tools/sming/Sming/compiler/lib/\libsming.a(System.o)
                0x3ffe86b8                vtable for Vector<ISystemReadyHandler*>
 .rodata.str1.1
                0x3ffe86d4       0x41 c:/tools/sming/Sming/compiler/lib/\libsming.a(esp_cplusplus.o)
 .rodata.str1.1
                0x3ffe8715       0x21 c:/tools/sming/Sming/compiler/lib/\libsming.a(stringconversion.o)
 .rodata.str1.1
                0x3ffe8736        0xf c:/tools/sming/Sming/compiler/lib/\libsming.a(IPAddress.o)
                                 0x10 (size before relaxing)
 *fill*         0x3ffe8745        0x3 
 .rodata._ZTV9IPAddress
                0x3ffe8748        0xc c:/tools/sming/Sming/compiler/lib/\libsming.a(IPAddress.o)
                0x3ffe8748                vtable for IPAddress
 .rodata.str1.1
                0x3ffe8754        0x8 c:/tools/sming/Sming/compiler/lib/\libsming.a(Print.o)
                                  0xe (size before relaxing)
 .rodata.str1.1
                0x00000000        0x1 c:/tools/sming/Sming/compiler/lib/\libsming.a(WString.o)
 .rodata.str1.1
                0x3ffe875c       0x23 c:/tools/sming/Sming/compiler/lib/\libsming.a(Digital.o)
 *fill*         0x3ffe877f        0x1 
 .rodata._ZL14EspDigitalPins
                0x3ffe8780       0xc0 c:/tools/sming/Sming/compiler/lib/\libsming.a(Digital.o)
 .rodata.str1.1
                0x3ffe8840      0x200 out/build/app_app.a(application.o)
                                0x213 (size before relaxing)
 .rodata._ZTV14FunctionCallerIPFvvEvJEE
                0x3ffe8a40       0x14 out/build/app_app.a(application.o)
                0x3ffe8a40                vtable for FunctionCaller<void (*)(), void>
 .rodata._ZTV14FunctionCallerIPFvR9NtpClientlEvJS1_lEE
                0x3ffe8a54       0x14 out/build/app_app.a(application.o)
                0x3ffe8a54                vtable for FunctionCaller<void (*)(NtpClient&, long), void, NtpClient&, long>
 .rodata._ZTV14FunctionCallerIPFvR10HttpClientbEvJS1_bEE
                0x3ffe8a68       0x14 out/build/app_app.a(application.o)
                0x3ffe8a68                vtable for FunctionCaller<void (*)(HttpClient&, bool), void, HttpClient&, bool>
 .rodata.str1.1
                0x3ffe8a7c        0xc c:/tools/sming/Sming/compiler/lib/\libmicroc.a(abort.o)
 .rodata.str1.4
                0x3ffe8a88        0x4 c:/Espressif/ESP8266_SDK/lib\libpp.a(lmac.o)
                                  0xc (size before relaxing)
 .rodata.str1.4
                0x3ffe8a8c        0x4 c:/Espressif/ESP8266_SDK/lib\libpp.a(pm_for_bcn_only_mode.o)
                                  0xc (size before relaxing)
 .rodata.str1.4
                0x3ffe8a90        0x8 c:/Espressif/ESP8266_SDK/lib\libpp.a(pp.o)
                                 0x10 (size before relaxing)
 .rodata.str1.4
                0x3ffe8a98        0x4 c:/Espressif/ESP8266_SDK/lib\libpp.a(wdev.o)
                                  0xc (size before relaxing)
 .rodata.str1.4
                0x3ffe8a9c        0x3 c:/Espressif/ESP8266_SDK/lib\libnet80211.a(ieee80211_hostap.o)
                                  0x8 (size before relaxing)
 *fill*         0x3ffe8a9f        0x1 
 .rodata.str1.4
                0x3ffe8aa0        0x7 c:/Espressif/ESP8266_SDK/lib\libnet80211.a(ieee80211_mesh_quick.o)
 .rodata.str1.4
                0x00000000        0x4 c:/Espressif/ESP8266_SDK/lib\libnet80211.a(ieee80211_sta.o)
 .rodata.str1.4
                0x00000000        0x4 c:/Espressif/ESP8266_SDK/lib\libnet80211.a(ieee80211_action_vendor.o)
 .rodata.str1.4
                0x00000000        0x4 c:/Espressif/ESP8266_SDK/lib\libnet80211.a(ieee80211_ie_vendor.o)
 .rodata.str1.4
                0x00000000        0x7 c:/Espressif/ESP8266_SDK/lib\liblwip.a(espconn_tcp.o)
                                  0x1 (size before relaxing)
 *fill*         0x3ffe8aa7        0x1 
 .rodata.str1.4
                0x3ffe8aa8       0x10 c:/Espressif/ESP8266_SDK/lib\libwpa.a(wpa_debug.o)
                                  0xd (size before relaxing)
 .rodata.str1.1
                0x3ffe8ab8      0x159 c:/tools/sming/Sming/compiler/lib/\libsming.a(spiffs_sming.o)
                                0x165 (size before relaxing)
 .rodata.str1.1
                0x00000000      0x159 c:/tools/sming/Sming/compiler/lib/\libsming.a(HardwareSerial.o)
                                  0x3 (size before relaxing)
 *fill*         0x3ffe8c11        0x3 
 .rodata._ZTV14HardwareSerial
                0x3ffe8c14       0x20 c:/tools/sming/Sming/compiler/lib/\libsming.a(HardwareSerial.o)
                0x3ffe8c14                vtable for HardwareSerial
 .rodata.str1.1
                0x3ffe8c34       0x13 c:/tools/sming/Sming/compiler/lib/\libsming.a(SystemClock.o)
 *fill*         0x3ffe8c47        0x1 
 .rodata._ZTV7TwoWire
                0x3ffe8c48       0x28 c:/tools/sming/Sming/compiler/lib/\libsming.a(Wire.o)
                0x3ffe8c48                vtable for TwoWire
 .rodata.str1.1
                0x3ffe8c70       0x4f c:/tools/sming/Sming/compiler/lib/\libsming.a(FTPServer.o)
                                 0x50 (size before relaxing)
 *fill*         0x3ffe8cbf        0x1 
 .rodata._ZTV9FTPServer
                0x3ffe8cc0       0x54 c:/tools/sming/Sming/compiler/lib/\libsming.a(FTPServer.o)
                0x3ffe8cc0                vtable for FTPServer
 .rodata.str1.1
                0x3ffe8d14      0x1a9 c:/tools/sming/Sming/compiler/lib/\libsming.a(FTPServerConnection.o)
                                0x1b1 (size before relaxing)
 *fill*         0x3ffe8ebd        0x3 
 .rodata._ZTV13FTPDataStream
                0x3ffe8ec0       0x3c c:/tools/sming/Sming/compiler/lib/\libsming.a(FTPServerConnection.o)
                0x3ffe8ec0                vtable for FTPDataStream
 .rodata._ZTV15FTPDataFileList
                0x3ffe8efc       0x3c c:/tools/sming/Sming/compiler/lib/\libsming.a(FTPServerConnection.o)
                0x3ffe8efc                vtable for FTPDataFileList
 .rodata._ZTV6VectorI6StringE
                0x3ffe8f38       0x1c c:/tools/sming/Sming/compiler/lib/\libsming.a(FTPServerConnection.o)
                0x3ffe8f38                vtable for Vector<String>
 .rodata._ZTV15FTPDataRetrieve
                0x3ffe8f54       0x3c c:/tools/sming/Sming/compiler/lib/\libsming.a(FTPServerConnection.o)
                0x3ffe8f54                vtable for FTPDataRetrieve
 .rodata._ZTV12FTPDataStore
                0x3ffe8f90       0x3c c:/tools/sming/Sming/compiler/lib/\libsming.a(FTPServerConnection.o)
                0x3ffe8f90                vtable for FTPDataStore
 .rodata._ZTV19FTPServerConnection
                0x3ffe8fcc       0x40 c:/tools/sming/Sming/compiler/lib/\libsming.a(FTPServerConnection.o)
                0x3ffe8fcc                vtable for FTPServerConnection
 .rodata.str1.1
                0x3ffe900c       0xea c:/tools/sming/Sming/compiler/lib/\libsming.a(HttpClient.o)
                                 0xf8 (size before relaxing)
 *fill*         0x3ffe90f6        0x2 
 .rodata._ZTV10HttpClient
                0x3ffe90f8       0x40 c:/tools/sming/Sming/compiler/lib/\libsming.a(HttpClient.o)
                0x3ffe90f8                vtable for HttpClient
 .rodata.str1.1
                0x3ffe9138       0x1d c:/tools/sming/Sming/compiler/lib/\libsming.a(NtpClient.o)
                                 0x2a (size before relaxing)
 *fill*         0x3ffe9155        0x3 
 .rodata._ZTV9NtpClient
                0x3ffe9158       0x28 c:/tools/sming/Sming/compiler/lib/\libsming.a(NtpClient.o)
                0x3ffe9158                vtable for NtpClient
 .rodata._ZTV12MethodCallerIM9NtpClientFvvEE
                0x3ffe9180       0x14 c:/tools/sming/Sming/compiler/lib/\libsming.a(NtpClient.o)
                0x3ffe9180                vtable for MethodCaller<void (NtpClient::*)()>
 .rodata.str1.1
                0x3ffe9194       0x1e c:/tools/sming/Sming/compiler/lib/\libsming.a(TcpClient.o)
 *fill*         0x3ffe91b2        0x2 
 .rodata._ZTV9TcpClient
                0x3ffe91b4       0x3c c:/tools/sming/Sming/compiler/lib/\libsming.a(TcpClient.o)
                0x3ffe91b4                vtable for TcpClient
 .rodata.str1.1
                0x3ffe91f0      0x203 c:/tools/sming/Sming/compiler/lib/\libsming.a(TcpConnection.o)
                                0x220 (size before relaxing)
 *fill*         0x3ffe93f3        0x1 
 .rodata._ZTV13TcpConnection
                0x3ffe93f4       0x38 c:/tools/sming/Sming/compiler/lib/\libsming.a(TcpConnection.o)
                0x3ffe93f4                vtable for TcpConnection
 .rodata.str1.1
                0x3ffe942c      0x13e c:/tools/sming/Sming/compiler/lib/\libsming.a(TcpServer.o)
 *fill*         0x3ffe956a        0x2 
 .rodata._ZTV9TcpServer
                0x3ffe956c       0x50 c:/tools/sming/Sming/compiler/lib/\libsming.a(TcpServer.o)
                0x3ffe956c                vtable for TcpServer
 .rodata._ZTV12MethodCallerIM9TcpServerFbR9TcpClientPciEE
                0x3ffe95bc       0x14 c:/tools/sming/Sming/compiler/lib/\libsming.a(TcpServer.o)
                0x3ffe95bc                vtable for MethodCaller<bool (TcpServer::*)(TcpClient&, char*, int)>
 .rodata._ZTV12MethodCallerIM9TcpServerFvR9TcpClientbEE
                0x3ffe95d0       0x14 c:/tools/sming/Sming/compiler/lib/\libsming.a(TcpServer.o)
                0x3ffe95d0                vtable for MethodCaller<void (TcpServer::*)(TcpClient&, bool)>
 .rodata.str1.1
                0x00000000        0xa c:/tools/sming/Sming/compiler/lib/\libsming.a(URL.o)
 .rodata.str1.1
                0x3ffe95e4       0x59 c:/tools/sming/Sming/compiler/lib/\libsming.a(UdpConnection.o)
 *fill*         0x3ffe963d        0x3 
 .rodata._ZTV13UdpConnection
                0x3ffe9640       0x28 c:/tools/sming/Sming/compiler/lib/\libsming.a(UdpConnection.o)
                0x3ffe9640                vtable for UdpConnection
 .rodata.str1.1
                0x3ffe9668       0xf0 c:/tools/sming/Sming/compiler/lib/\libsming.a(AccessPoint.o)
                                 0xf1 (size before relaxing)
 .rodata._ZTV16AccessPointClass
                0x3ffe9758       0x14 c:/tools/sming/Sming/compiler/lib/\libsming.a(AccessPoint.o)
                0x3ffe9758                vtable for AccessPointClass
 .rodata.str1.1
                0x3ffe976c       0x13 c:/tools/sming/Sming/compiler/lib/\libsming.a(RTC.o)
 .rodata.str1.1
                0x3ffe977f      0x242 c:/tools/sming/Sming/compiler/lib/\libsming.a(Station.o)
                                0x283 (size before relaxing)
 *fill*         0x3ffe99c1        0x3 
 .rodata._ZTV12StationClass
                0x3ffe99c4       0x14 c:/tools/sming/Sming/compiler/lib/\libsming.a(Station.o)
                0x3ffe99c4                vtable for StationClass
 .rodata._ZTV6VectorI7BssInfoE
                0x3ffe99d8       0x1c c:/tools/sming/Sming/compiler/lib/\libsming.a(Station.o)
                0x3ffe99d8                vtable for Vector<BssInfo>
 .rodata._ZTV8WDTClass
                0x3ffe99f4       0x14 c:/tools/sming/Sming/compiler/lib/\libsming.a(WDT.o)
                0x3ffe99f4                vtable for WDTClass
 .rodata.str1.1
                0x3ffe9a08       0xf3 c:/tools/sming/Sming/compiler/lib/\libsming.a(CommandExecutor.o)
                                 0xf8 (size before relaxing)
 .rodata.str1.1
                0x3ffe9afb      0x3b3 c:/tools/sming/Sming/compiler/lib/\libsming.a(CommandHandler.o)
                                0x3bb (size before relaxing)
 .rodata.str1.1
                0x3ffe9eae       0x4c c:/tools/sming/Sming/compiler/lib/\libsming.a(DateTime.o)
                                 0x58 (size before relaxing)
 .rodata._ZL9monthDays
                0x3ffe9efa        0xc c:/tools/sming/Sming/compiler/lib/\libsming.a(DateTime.o)
 *fill*         0x3ffe9f06        0x2 
 .rodata._ZTV12Adafruit_GFX
                0x3ffe9f08       0x30 c:/tools/sming/Sming/compiler/lib/\libsming.a(Adafruit_GFX.o)
                0x3ffe9f08                vtable for Adafruit_GFX
 .rodata._ZTV16Adafruit_PCD8544
                0x3ffe9f38       0x30 c:/tools/sming/Sming/compiler/lib/\libsming.a(Adafruit_PCD8544.o)
                0x3ffe9f38                vtable for Adafruit_PCD8544
 .rodata.str1.1
                0x3ffe9f68       0x80 c:/tools/sming/Sming/compiler/lib/\libsming.a(DHT.o)
 .rodata.str1.1
                0x3ffe9fe8       0x59 c:/tools/sming/Sming/compiler/lib/\libsming.a(flashmem.o)
 *fill*         0x3ffea041        0x3 
 .rodata.CSWTCH$11
                0x3ffea044       0x14 c:/tools/sming/Sming/compiler/lib/\libsming.a(flashmem.o)
 .rodata._ZTV13SoftI2cMaster
                0x3ffea058       0x1c c:/tools/sming/Sming/compiler/lib/\libsming.a(I2cMaster.o)
                0x3ffea058                vtable for SoftI2cMaster
 .rodata.str1.1
                0x3ffea074      0x138 c:/tools/sming/Sming/compiler/lib/\libsming.a(DataSourceStream.o)
                                0x139 (size before relaxing)
 .rodata._ZTV16MemoryDataStream
                0x3ffea1ac       0x48 c:/tools/sming/Sming/compiler/lib/\libsming.a(DataSourceStream.o)
                0x3ffea1ac                vtable for MemoryDataStream
 .rodata.str1.1
                0x3ffea1f4       0x34 c:/tools/sming/Sming/compiler/lib/\libsming.a(FileSystem.o)
                                 0x37 (size before relaxing)
 .rodata.str1.1
                0x00000000        0x1 c:/tools/sming/Sming/compiler/lib/\libsming.a(CommandDelegate.o)
 *(.gnu.linkonce.r.*)
 *(.rodata1)
                0x3ffea228                __XT_EXCEPTION_TABLE__ = ABSOLUTE (.)
 *(.xt_except_table)
 *(.gcc_except_table)
 *(.gnu.linkonce.e.*)
 *(.gnu.version_r)
 *(.eh_frame)
                0x3ffea228                . = ((. + 0x3) & 0xfffffffc)
                0x3ffea228                __dso_handle = ABSOLUTE (.)
                0x3ffea228                __init_array_start = ABSOLUTE (.)
 *crtbegin.o(.ctors)
 *(EXCLUDE_FILE(*crtend.o) .ctors)
 .ctors         0x3ffea228        0x4 c:/tools/sming/Sming/compiler/lib/\libsming.a(user_main.o)
 .ctors         0x3ffea22c        0x4 c:/tools/sming/Sming/compiler/lib/\libsming.a(System.o)
 .ctors         0x3ffea230        0x4 c:/tools/sming/Sming/compiler/lib/\libsming.a(m_printf.o)
 .ctors         0x3ffea234        0x4 c:/tools/sming/Sming/compiler/lib/\libsming.a(IPAddress.o)
 .ctors         0x3ffea238        0x4 c:/tools/sming/Sming/compiler/lib/\libsming.a(Print.o)
 .ctors         0x3ffea23c        0x4 c:/tools/sming/Sming/compiler/lib/\libsming.a(WString.o)
 .ctors         0x3ffea240        0x4 c:/tools/sming/Sming/compiler/lib/\libsming.a(Interrupts.o)
 .ctors         0x3ffea244        0x4 c:/tools/sming/Sming/compiler/lib/\libsming.a(Digital.o)
 .ctors         0x3ffea248        0x4 out/build/app_app.a(application.o)
 .ctors         0x3ffea24c        0x4 c:/tools/sming/Sming/compiler/lib/\libsming.a(Clock.o)
 .ctors         0x3ffea250        0x4 c:/tools/sming/Sming/compiler/lib/\libsming.a(HardwareSerial.o)
 .ctors         0x3ffea254        0x4 c:/tools/sming/Sming/compiler/lib/\libsming.a(SystemClock.o)
 .ctors         0x3ffea258        0x4 c:/tools/sming/Sming/compiler/lib/\libsming.a(Wire.o)
 .ctors         0x3ffea25c        0x4 c:/tools/sming/Sming/compiler/lib/\libsming.a(FTPServer.o)
 .ctors         0x3ffea260        0x4 c:/tools/sming/Sming/compiler/lib/\libsming.a(FTPServerConnection.o)
 .ctors         0x3ffea264        0x4 c:/tools/sming/Sming/compiler/lib/\libsming.a(HttpClient.o)
 .ctors         0x3ffea268        0x4 c:/tools/sming/Sming/compiler/lib/\libsming.a(NtpClient.o)
 .ctors         0x3ffea26c        0x4 c:/tools/sming/Sming/compiler/lib/\libsming.a(TcpClient.o)
 .ctors         0x3ffea270        0x4 c:/tools/sming/Sming/compiler/lib/\libsming.a(TcpConnection.o)
 .ctors         0x3ffea274        0x4 c:/tools/sming/Sming/compiler/lib/\libsming.a(TcpServer.o)
 .ctors         0x3ffea278        0x4 c:/tools/sming/Sming/compiler/lib/\libsming.a(UdpConnection.o)
 .ctors         0x3ffea27c        0x4 c:/tools/sming/Sming/compiler/lib/\libsming.a(AccessPoint.o)
 .ctors         0x3ffea280        0x4 c:/tools/sming/Sming/compiler/lib/\libsming.a(RTC.o)
 .ctors         0x3ffea284        0x4 c:/tools/sming/Sming/compiler/lib/\libsming.a(Station.o)
 .ctors         0x3ffea288        0x4 c:/tools/sming/Sming/compiler/lib/\libsming.a(WDT.o)
 .ctors         0x3ffea28c        0x4 c:/tools/sming/Sming/compiler/lib/\libsming.a(CommandExecutor.o)
 .ctors         0x3ffea290        0x4 c:/tools/sming/Sming/compiler/lib/\libsming.a(CommandHandler.o)
 .ctors         0x3ffea294        0x4 c:/tools/sming/Sming/compiler/lib/\libsming.a(CommandOutput.o)
 .ctors         0x3ffea298        0x4 c:/tools/sming/Sming/compiler/lib/\libsming.a(DateTime.o)
 .ctors         0x3ffea29c        0x4 c:/tools/sming/Sming/compiler/lib/\libsming.a(Adafruit_GFX.o)
 .ctors         0x3ffea2a0        0x4 c:/tools/sming/Sming/compiler/lib/\libsming.a(Adafruit_PCD8544.o)
 .ctors         0x3ffea2a4        0x4 c:/tools/sming/Sming/compiler/lib/\libsming.a(BMP180.o)
 .ctors         0x3ffea2a8        0x4 c:/tools/sming/Sming/compiler/lib/\libsming.a(DHT.o)
 .ctors         0x3ffea2ac        0x4 c:/tools/sming/Sming/compiler/lib/\libsming.a(I2cMaster.o)
 .ctors         0x3ffea2b0        0x4 c:/tools/sming/Sming/compiler/lib/\libsming.a(WShift.o)
 .ctors         0x3ffea2b4        0x4 c:/tools/sming/Sming/compiler/lib/\libsming.a(DataSourceStream.o)
 .ctors         0x3ffea2b8        0x4 c:/tools/sming/Sming/compiler/lib/\libsming.a(WebSocket.o)
 .ctors         0x3ffea2bc        0x4 c:/tools/sming/Sming/compiler/lib/\libsming.a(ArduinoJson.o)
 .ctors         0x3ffea2c0        0x4 c:/tools/sming/Sming/compiler/lib/\libsming.a(CommandDelegate.o)
 .ctors         0x3ffea2c4        0x4 c:/tools/sming/Sming/compiler/lib/\libsming.a(HttpRequest.o)
 .ctors         0x3ffea2c8        0x4 c:/tools/sming/Sming/compiler/lib/\libsming.a(HttpResponse.o)
 .ctors         0x3ffea2cc        0x4 c:/tools/sming/Sming/compiler/lib/\libsming.a(HttpServer.o)
 .ctors         0x3ffea2d0        0x4 c:/tools/sming/Sming/compiler/lib/\libsming.a(HttpServerConnection.o)
 *(SORT(.ctors.*))
 *(.ctors)
                0x3ffea2d4                __init_array_end = ABSOLUTE (.)
 *crtbegin.o(.dtors)
 *(EXCLUDE_FILE(*crtend.o) .dtors)
 .dtors         0x3ffea2d4        0x4 c:/tools/sming/Sming/compiler/lib/\libsming.a(System.o)
 .dtors         0x3ffea2d8        0x4 c:/tools/sming/Sming/compiler/lib/\libsming.a(Interrupts.o)
 .dtors         0x3ffea2dc        0x4 out/build/app_app.a(application.o)
 .dtors         0x3ffea2e0        0x4 c:/tools/sming/Sming/compiler/lib/\libsming.a(HardwareSerial.o)
 .dtors         0x3ffea2e4        0x4 c:/tools/sming/Sming/compiler/lib/\libsming.a(Wire.o)
 .dtors         0x3ffea2e8        0x4 c:/tools/sming/Sming/compiler/lib/\libsming.a(Station.o)
 .dtors         0x3ffea2ec        0x4 c:/tools/sming/Sming/compiler/lib/\libsming.a(CommandHandler.o)
 *(SORT(.dtors.*))
 *(.dtors)
                0x3ffea2f0                __XT_EXCEPTION_DESCS__ = ABSOLUTE (.)
 *(.xt_except_desc)
 *(.gnu.linkonce.h.*)
                0x3ffea2f0                __XT_EXCEPTION_DESCS_END__ = ABSOLUTE (.)
 *(.xt_except_desc_end)
 *(.dynamic)
 *(.gnu.version_d)
                0x3ffea2f0                . = ALIGN (0x4)
                0x3ffea2f0                _bss_table_start = ABSOLUTE (.)
                0x3ffea2f0        0x4 LONG 0x3ffea2f8 _bss_start
                0x3ffea2f4        0x4 LONG 0x3fff13b8 _bss_end
                0x3ffea2f8                _bss_table_end = ABSOLUTE (.)
                0x3ffea2f8                _rodata_end = ABSOLUTE (.)

.bss            0x3ffea2f8     0x70c0
                0x3ffea2f8                . = ALIGN (0x8)
                0x3ffea2f8                _bss_start = ABSOLUTE (.)
 *(.dynsbss)
 *(.sbss)
 *(.sbss.*)
 *(.gnu.linkonce.sb.*)
 *(.scommon)
 *(.sbss2)
 *(.sbss2.*)
 *(.gnu.linkonce.sb2.*)
 *(.dynbss)
 *(.bss)
 *fill*         0x3ffea2f8        0x8 
 .bss           0x3ffea300      0x1c0 c:/Espressif/ESP8266_SDK/lib\libmain.a(nmi-vector.o)
 .bss           0x3ffea4c0       0x41 c:/Espressif/ESP8266_SDK/lib\libmain.a(app_main.o)
                0x3ffea4c4                info
                0x3ffea4e8                lwip_timer_interval
                0x3ffea4ec                check_timeouts_timer
                0x3ffea500                user_init_flag
 *fill*         0x3ffea501        0xf 
 .bss           0x3ffea510       0x30 c:/Espressif/ESP8266_SDK/lib\libmain.a(ets_timer.o)
                0x3ffea510                timer_list
                0x3ffea514                debug_timer
                0x3ffea518                debug_timerfn
 .bss           0x3ffea540       0x3c c:/Espressif/ESP8266_SDK/lib\libmain.a(mem_manager.o)
 .bss           0x3ffea57c        0x4 c:/Espressif/ESP8266_SDK/lib\libmain.a(spi_flash.o)
                0x3ffea57c                flash_read
 .bss           0x3ffea580      0x242 c:/Espressif/ESP8266_SDK/lib\libmain.a(user_interface.o)
                0x3ffea677                deep_sleep_flag
                0x3ffea678                cpu_overclock
                0x3ffea67c                event_cb
                0x3ffea680                status_led_output_level
                0x3ffea684                done_cb
                0x3ffea688                rst_if
                0x3ffea6a4                default_interface
                0x3ffea6a5                OpmodChgIsOnGoing
                0x3ffea6a8                promiscuous_cb
                0x3ffea6c0                event_TaskQueue
 *fill*         0x3ffea7c2        0x2 
 .bss           0x3ffea7c4        0xc c:/Espressif/ESP8266_SDK/lib\libmain.a(eagle_lwip_if.o)
                0x3ffea7c4                hostname
 .bss           0x3ffea7d0        0x4 c:/Espressif/ESP8266_SDK/lib\libphy.a(phy.o)
 .bss           0x3ffea7d4        0x2 c:/Espressif/ESP8266_SDK/lib\libphy.a(phy_chip_v6_ana.o)
                0x3ffea7d4                tout_dis_txpwr_track
                0x3ffea7d5                sleep_mode_flag
 *fill*         0x3ffea7d6        0x2 
 .bss           0x3ffea7d8      0x160 c:/Espressif/ESP8266_SDK/lib\libphy.a(phy_chip_v6.o)
                0x3ffea7d8                g_phyFuns
                0x3ffea7dc                rxiq_compute_num
                0x3ffea7e0                rx_table_renew_en
                0x3ffea7e4                check_result
                0x3ffea7e8                chip6_sleep_params
                0x3ffea87c                chip6_phy_init_ctrl
                0x3ffea8f0                phy_freq_offset
                0x3ffea8f2                do_pwctrl_flag
                0x3ffea8f3                pwctrl_debug
                0x3ffea8f4                txbk_dpdby_flag
                0x3ffea8f6                sw_scan_mode
                0x3ffea8f7                rxmax_ext_level
                0x3ffea8f8                phy_rx_gain_dc_table
                0x3ffea90c                periodic_cal_dc_num
                0x3ffea910                periodic_cal_flag
                0x3ffea911                bbpll_cal_flag
                0x3ffea912                phy_in_most_power
                0x3ffea913                init_rf_no_cal
                0x3ffea914                test_print_time
                0x3ffea918                phy_rx_gain_dc_flag
                0x3ffea919                phy_in_vdd33_offset
                0x3ffea91a                phy_set_most_tpw_disbg
                0x3ffea91b                phy_set_most_tpw_index
                0x3ffea91c                adc_rand_noise
                0x3ffea920                dpd_bypass_original
                0x3ffea928                noise_array
 .bss           0x3ffea938        0x8 c:/Espressif/ESP8266_SDK/lib\libphy.a(phy_chip_v6_cal.o)
                0x3ffea938                phy_tx_power_out
                0x3ffea93a                loop_pwctrl_pwdet_error_accum_high_power
                0x3ffea93c                tx_pwctrl_pk_num
                0x3ffea93d                tx_pwctrl_track_num
                0x3ffea93e                loop_pwctrl_correct_atten_high_power
                0x3ffea93f                rxiq_cover_fail_num
 .bss           0x3ffea940        0x7 c:/Espressif/ESP8266_SDK/lib\libphy.a(phy_sleep.o)
                0x3ffea940                periodic_cal_sat
                0x3ffea942                lslp_mem_opt_8266
                0x3ffea944                software_slp_reject
                0x3ffea945                SDIO_slp_reject
                0x3ffea946                hardware_reject
 *fill*         0x3ffea947        0x9 
 .bss           0x3ffea950       0x40 c:/Espressif/ESP8266_SDK/lib\libpp.a(if_hwctrl.o)
                0x3ffea950                interface_mask
                0x3ffea970                if_ctrl
 .bss           0x3ffea990      0x150 c:/Espressif/ESP8266_SDK/lib\libpp.a(lmac.o)
                0x3ffea994                lmacConfMib
 .bss           0x3ffeaae0      0x11a c:/Espressif/ESP8266_SDK/lib\libpp.a(pm.o)
                0x3ffeaae0                pmc
                0x3ffeabc0                flash_tmp
 *fill*         0x3ffeabfa        0x2 
 .bss           0x3ffeabfc       0x34 c:/Espressif/ESP8266_SDK/lib\libpp.a(pm_for_bcn_only_mode.o)
 .bss           0x3ffeac30      0x322 c:/Espressif/ESP8266_SDK/lib\libpp.a(pp.o)
                0x3ffeac48                pend_flag_noise_check
                0x3ffeac50                pend_flag_periodic_cal
                0x3ffeac68                idle_timer_reopen_flag
                0x3ffeac6a                dbg_stop_sw_wdt
                0x3ffeac6b                dbg_stop_hw_wdt
                0x3ffeac6d                total_buffed_eb_num
                0x3ffeac70                HighestFreqOffsetInOneChk
                0x3ffeac72                LowestFreqOffsetInOneChk
                0x3ffeac74                DefFreqCalTimer
                0x3ffeac88                PktNumInOneChk
                0x3ffeae10                buffed_eb_arr
 *fill*         0x3ffeaf52        0xe 
 .bss           0x3ffeaf60      0x100 c:/Espressif/ESP8266_SDK/lib\libpp.a(rate_control.o)
 .bss           0x3ffeb060      0x46c c:/Espressif/ESP8266_SDK/lib\libpp.a(trc.o)
 *fill*         0x3ffeb4cc        0x4 
 .bss           0x3ffeb4d0     0x2f88 c:/Espressif/ESP8266_SDK/lib\libpp.a(wdev.o)
                0x3ffeb4d0                wDevCtrl
                0x3ffeb678                WdevTimOffSet
 *fill*         0x3ffee458        0x8 
 .bss           0x3ffee460      0xac4 c:/Espressif/ESP8266_SDK/lib\libpp.a(esf_buf.o)
 .bss           0x3ffeef24      0x67c c:/Espressif/ESP8266_SDK/lib\libnet80211.a(ieee80211.o)
                0x3ffeef24                g_ic
 .bss           0x3ffef5a0       0x56 c:/Espressif/ESP8266_SDK/lib\libnet80211.a(ieee80211_hostap.o)
                0x3ffef5a0                BcnEb_update
                0x3ffef5ad                BcnWithMcastSendStart
                0x3ffef5ae                BcnWithMcastSendCnt
                0x3ffef5c8                PendFreeBcnEb
                0x3ffef5cc                ApFreqCalTimer
                0x3ffef5e0                APRecvBcnStartTick
 *fill*         0x3ffef5f6        0x2 
 .bss           0x3ffef5f8       0xc8 c:/Espressif/ESP8266_SDK/lib\libnet80211.a(ieee80211_scan.o)
                0x3ffef5f8                gScanStruct
                0x3ffef6a4                connect_scan_flag
                0x3ffef6a5                FreqCalCntForScan
                0x3ffef6a6                TestStaFreqCalValInput
                0x3ffef6a8                auth_type
                0x3ffef6aa                scannum
 .bss           0x3ffef6c0       0x10 c:/Espressif/ESP8266_SDK/lib\libnet80211.a(ieee80211_sta.o)
 .bss           0x3ffef6d0       0x3c c:/Espressif/ESP8266_SDK/lib\libnet80211.a(wl_chm.o)
 *fill*         0x3ffef70c        0x4 
 .bss           0x3ffef710      0x37a c:/Espressif/ESP8266_SDK/lib\libnet80211.a(wl_cnx.o)
                0x3ffefa70                sta_con_timer
                0x3ffefa84                g_cnx_probe_rc_list_cb
                0x3ffefa88                reconnect_flag
                0x3ffefa89                no_ap_found_index
 *fill*         0x3ffefa8a        0x2 
 .bss           0x3ffefa8c       0x10 c:/Espressif/ESP8266_SDK/lib\libnet80211.a(ieee80211_action_vendor.o)
 *fill*         0x3ffefa9c        0x4 
 .bss           0x3ffefaa0       0x38 c:/Espressif/ESP8266_SDK/lib\liblwip.a(dhcp.o)
                0x3ffefaa0                dhcp_rx_options_given
                0x3ffefab0                dhcp_rx_options_val
 .bss           0x3ffefad8       0x28 c:/Espressif/ESP8266_SDK/lib\liblwip.a(dhcpserver.o)
 .bss           0x3ffefb00      0x480 c:/Espressif/ESP8266_SDK/lib\liblwip.a(dns.o)
 .bss           0x3ffeff80       0x78 c:/Espressif/ESP8266_SDK/lib\liblwip.a(espconn_tcp.o)
                0x3ffeff80                espconn_TaskQueue
 *fill*         0x3ffefff8        0x8 
 .bss           0x3fff0000      0x100 c:/Espressif/ESP8266_SDK/lib\liblwip.a(etharp.o)
                0x3fff0004                ethzero
 .bss           0x3fff0100       0x10 c:/Espressif/ESP8266_SDK/lib\liblwip.a(ip_addr.o)
 .bss           0x3fff0110       0x12 c:/Espressif/ESP8266_SDK/lib\liblwip.a(ip.o)
                0x3fff0110                current_iphdr_dest
                0x3fff0114                current_iphdr_src
                0x3fff0118                current_netif
                0x3fff011c                current_header
 *fill*         0x3fff0122        0x2 
 .bss           0x3fff0124        0x9 c:/Espressif/ESP8266_SDK/lib\liblwip.a(netif.o)
                0x3fff0124                netif_list
                0x3fff0128                netif_default
 *fill*         0x3fff012d        0x3 
 .bss           0x3fff0130        0x4 c:/Espressif/ESP8266_SDK/lib\liblwip.a(raw.o)
 .bss           0x3fff0134       0x34 c:/Espressif/ESP8266_SDK/lib\liblwip.a(tcp_in.o)
                0x3fff0164                tcp_input_pcb
 .bss           0x3fff0168       0x1c c:/Espressif/ESP8266_SDK/lib\liblwip.a(tcp.o)
                0x3fff016c                tcp_active_pcbs
                0x3fff0170                tcp_tmp_pcb
                0x3fff0174                tcp_tw_pcbs
                0x3fff0178                tcp_bound_pcbs
                0x3fff017c                tcp_listen_pcbs
                0x3fff0180                tcp_ticks
 .bss           0x3fff0184        0xc c:/Espressif/ESP8266_SDK/lib\liblwip.a(timers.o)
 .bss           0x3fff0190        0x4 c:/Espressif/ESP8266_SDK/lib\liblwip.a(udp.o)
                0x3fff0190                udp_pcbs
 *fill*         0x3fff0194        0xc 
 .bss           0x3fff01a0      0x104 c:/Espressif/ESP8266_SDK/lib\liblwip.a(espconn.o)
                0x3fff01a0                plink_active
                0x3fff01a4                pserver_list
                0x3fff01b0                premot
                0x3fff0270                pktinfo
 .bss           0x3fff02a4        0xc c:/Espressif/ESP8266_SDK/lib\liblwip.a(igmp.o)
 .bss           0x3fff02b0      0x26a c:/Espressif/ESP8266_SDK/lib\libwpa.a(wpa.o)
 *fill*         0x3fff051a        0x6 
 .bss           0x3fff0520        0x8 c:/Espressif/ESP8266_SDK/lib\libnet80211.a(ieee80211_crypto_tkip.o)
 *(.bss.*)
 .bss._ZL5ESP01
                0x3fff0528       0x30 c:/tools/sming/Sming/compiler/lib/\libsming.a(user_main.o)
 .bss._ZL11INADDR_NONE
                0x3fff0558        0x8 c:/tools/sming/Sming/compiler/lib/\libsming.a(user_main.o)
 .bss.System    0x3fff0560       0x2c c:/tools/sming/Sming/compiler/lib/\libsming.a(System.o)
                0x3fff0560                System
 .bss._ZL5ESP01
                0x3fff058c       0x30 c:/tools/sming/Sming/compiler/lib/\libsming.a(m_printf.o)
 .bss._ZL11INADDR_NONE
                0x3fff05bc        0x8 c:/tools/sming/Sming/compiler/lib/\libsming.a(m_printf.o)
 .bss._ZL5ESP01
                0x3fff05c4       0x30 c:/tools/sming/Sming/compiler/lib/\libsming.a(IPAddress.o)
 .bss._ZL11INADDR_NONE
                0x3fff05f4        0x8 c:/tools/sming/Sming/compiler/lib/\libsming.a(Print.o)
 .bss._ZZN6StringixEjE19dummy_writable_char
                0x3fff05fc        0x1 c:/tools/sming/Sming/compiler/lib/\libsming.a(WString.o)
 *fill*         0x3fff05fd        0x3 
 .bss._ZL11INADDR_NONE
                0x3fff0600        0x8 c:/tools/sming/Sming/compiler/lib/\libsming.a(WString.o)
 .bss._delegateFunctionList
                0x3fff0608       0x40 c:/tools/sming/Sming/compiler/lib/\libsming.a(Interrupts.o)
                0x3fff0608                _delegateFunctionList
 .bss._ZL11INADDR_NONE
                0x3fff0648        0x8 c:/tools/sming/Sming/compiler/lib/\libsming.a(Interrupts.o)
 .bss._ZL11INADDR_NONE
                0x3fff0650        0x8 c:/tools/sming/Sming/compiler/lib/\libsming.a(Digital.o)
 .bss.ftp_psw   0x3fff0658        0x8 out/build/app_app.a(application.o)
                0x3fff0658                ftp_psw
 .bss.ftp_login
                0x3fff0660        0x8 out/build/app_app.a(application.o)
                0x3fff0660                ftp_login
 .bss.ntp_srv   0x3fff0668        0x8 out/build/app_app.a(application.o)
                0x3fff0668                ntp_srv
 .bss.pressure  0x3fff0670        0x4 out/build/app_app.a(application.o)
                0x3fff0670                pressure
 .bss.humidity  0x3fff0674        0x4 out/build/app_app.a(application.o)
                0x3fff0674                humidity
 .bss.temp      0x3fff0678        0x4 out/build/app_app.a(application.o)
                0x3fff0678                temp
 .bss.ftp       0x3fff067c       0x38 out/build/app_app.a(application.o)
                0x3fff067c                ftp
 .bss.httpClient
                0x3fff06b4        0x4 out/build/app_app.a(application.o)
                0x3fff06b4                httpClient
 .bss.ntpClient
                0x3fff06b8        0x4 out/build/app_app.a(application.o)
                0x3fff06b8                ntpClient
 *fill*         0x3fff06bc        0x4 
 .bss.displayRefresh
                0x3fff06c0       0x30 out/build/app_app.a(application.o)
                0x3fff06c0                displayRefresh
 .bss.sensorsUpdate
                0x3fff06f0       0x30 out/build/app_app.a(application.o)
                0x3fff06f0                sensorsUpdate
 .bss.barometer
                0x3fff0720       0x6c out/build/app_app.a(application.o)
                0x3fff0720                barometer
 .bss.dht       0x3fff078c       0x40 out/build/app_app.a(application.o)
                0x3fff078c                dht
 .bss.display   0x3fff07cc       0x2c out/build/app_app.a(application.o)
                0x3fff07cc                display
 .bss._ZL5ESP01
                0x3fff07f8       0x30 out/build/app_app.a(application.o)
 .bss._ZL11INADDR_NONE
                0x3fff0828        0x8 out/build/app_app.a(application.o)
 .bss.spiffs_cache
                0x3fff0830      0x480 c:/tools/sming/Sming/compiler/lib/\libsming.a(spiffs_sming.o)
 .bss.spiffs_fds
                0x3fff0cb0       0xe0 c:/tools/sming/Sming/compiler/lib/\libsming.a(spiffs_sming.o)
 .bss.spiffs_work_buf
                0x3fff0d90      0x200 c:/tools/sming/Sming/compiler/lib/\libsming.a(spiffs_sming.o)
 .bss._ZL11INADDR_NONE
                0x3fff0f90        0x8 c:/tools/sming/Sming/compiler/lib/\libsming.a(Clock.o)
 .bss.Serial    0x3fff0f98       0x14 c:/tools/sming/Sming/compiler/lib/\libsming.a(HardwareSerial.o)
                0x3fff0f98                Serial
 .bss._ZN14HardwareSerial10memberDataE
                0x3fff0fac       0x18 c:/tools/sming/Sming/compiler/lib/\libsming.a(HardwareSerial.o)
                0x3fff0fac                HardwareSerial::memberData
 .bss._ZL11INADDR_NONE
                0x3fff0fc4        0x8 c:/tools/sming/Sming/compiler/lib/\libsming.a(HardwareSerial.o)
 *fill*         0x3fff0fcc        0x4 
 .bss.SystemClock
                0x3fff0fd0       0x18 c:/tools/sming/Sming/compiler/lib/\libsming.a(SystemClock.o)
                0x3fff0fd0                SystemClock
 .bss._ZL11INADDR_NONE
                0x3fff0fe8        0x8 c:/tools/sming/Sming/compiler/lib/\libsming.a(SystemClock.o)
 .bss.Wire      0x3fff0ff0       0x8c c:/tools/sming/Sming/compiler/lib/\libsming.a(Wire.o)
                0x3fff0ff0                Wire
 .bss._ZL11INADDR_NONE
                0x3fff107c        0x8 c:/tools/sming/Sming/compiler/lib/\libsming.a(Wire.o)
 .bss._ZL11INADDR_NONE
                0x3fff1084        0x8 c:/tools/sming/Sming/compiler/lib/\libsming.a(FTPServer.o)
 .bss._ZL11INADDR_NONE
                0x3fff108c        0x8 c:/tools/sming/Sming/compiler/lib/\libsming.a(FTPServerConnection.o)
 .bss._ZL5ESP01
                0x3fff1094       0x30 c:/tools/sming/Sming/compiler/lib/\libsming.a(HttpClient.o)
 .bss._ZL11INADDR_NONE
                0x3fff10c4        0x8 c:/tools/sming/Sming/compiler/lib/\libsming.a(HttpClient.o)
 .bss._ZL11INADDR_NONE
                0x3fff10cc        0x8 c:/tools/sming/Sming/compiler/lib/\libsming.a(NtpClient.o)
 .bss._ZL11INADDR_NONE
                0x3fff10d4        0x8 c:/tools/sming/Sming/compiler/lib/\libsming.a(TcpClient.o)
 .bss._ZL11INADDR_NONE
                0x3fff10dc        0x8 c:/tools/sming/Sming/compiler/lib/\libsming.a(TcpConnection.o)
 .bss._ZN9TcpServer16totalConnectionsE
                0x3fff10e4        0x2 c:/tools/sming/Sming/compiler/lib/\libsming.a(TcpServer.o)
                0x3fff10e4                TcpServer::totalConnections
 *fill*         0x3fff10e6        0x2 
 .bss._ZL11INADDR_NONE
                0x3fff10e8        0x8 c:/tools/sming/Sming/compiler/lib/\libsming.a(TcpServer.o)
 .bss._ZL11INADDR_NONE
                0x3fff10f0        0x8 c:/tools/sming/Sming/compiler/lib/\libsming.a(UdpConnection.o)
 .bss.WifiAccessPoint
                0x3fff10f8        0x8 c:/tools/sming/Sming/compiler/lib/\libsming.a(AccessPoint.o)
                0x3fff10f8                WifiAccessPoint
 .bss._ZL5ESP01
                0x3fff1100       0x30 c:/tools/sming/Sming/compiler/lib/\libsming.a(AccessPoint.o)
 .bss._ZL11INADDR_NONE
                0x3fff1130        0x8 c:/tools/sming/Sming/compiler/lib/\libsming.a(AccessPoint.o)
 .bss.RTC       0x3fff1138        0x1 c:/tools/sming/Sming/compiler/lib/\libsming.a(RTC.o)
                0x3fff1138                RTC
 *fill*         0x3fff1139        0x3 
 .bss.WifiStation
                0x3fff113c       0x24 c:/tools/sming/Sming/compiler/lib/\libsming.a(Station.o)
                0x3fff113c                WifiStation
 .bss._ZL5ESP01
                0x3fff1160       0x30 c:/tools/sming/Sming/compiler/lib/\libsming.a(Station.o)
 .bss._ZL11INADDR_NONE
                0x3fff1190        0x8 c:/tools/sming/Sming/compiler/lib/\libsming.a(Station.o)
 .bss.WDT       0x3fff1198        0x8 c:/tools/sming/Sming/compiler/lib/\libsming.a(WDT.o)
                0x3fff1198                WDT
 .bss._ZL11INADDR_NONE
                0x3fff11a0        0x8 c:/tools/sming/Sming/compiler/lib/\libsming.a(CommandExecutor.o)
 .bss.commandHandler
                0x3fff11a8       0x1c c:/tools/sming/Sming/compiler/lib/\libsming.a(CommandHandler.o)
                0x3fff11a8                commandHandler
 .bss._ZL11INADDR_NONE
                0x3fff11c4        0x8 c:/tools/sming/Sming/compiler/lib/\libsming.a(CommandHandler.o)
 .bss._ZL11INADDR_NONE
                0x3fff11cc        0x8 c:/tools/sming/Sming/compiler/lib/\libsming.a(CommandOutput.o)
 .bss._ZL5ESP01
                0x3fff11d4       0x30 c:/tools/sming/Sming/compiler/lib/\libsming.a(DateTime.o)
 .bss._ZL11INADDR_NONE
                0x3fff1204        0x8 c:/tools/sming/Sming/compiler/lib/\libsming.a(DateTime.o)
 .bss._ZL5ESP01
                0x3fff120c       0x30 c:/tools/sming/Sming/compiler/lib/\libsming.a(Adafruit_GFX.o)
 .bss._ZL11INADDR_NONE
                0x3fff123c        0x8 c:/tools/sming/Sming/compiler/lib/\libsming.a(Adafruit_GFX.o)
 .bss._ZL5ESP01
                0x3fff1244       0x30 c:/tools/sming/Sming/compiler/lib/\libsming.a(Adafruit_PCD8544.o)
 .bss._ZL11INADDR_NONE
                0x3fff1274        0x8 c:/tools/sming/Sming/compiler/lib/\libsming.a(Adafruit_PCD8544.o)
 .bss._ZL5ESP01
                0x3fff127c       0x30 c:/tools/sming/Sming/compiler/lib/\libsming.a(BMP180.o)
 .bss._ZL11INADDR_NONE
                0x3fff12ac        0x8 c:/tools/sming/Sming/compiler/lib/\libsming.a(BMP180.o)
 .bss._ZL5ESP01
                0x3fff12b4       0x30 c:/tools/sming/Sming/compiler/lib/\libsming.a(DHT.o)
 .bss._ZL11INADDR_NONE
                0x3fff12e4        0x8 c:/tools/sming/Sming/compiler/lib/\libsming.a(DHT.o)
 .bss._ZL11INADDR_NONE
                0x3fff12ec        0x8 c:/tools/sming/Sming/compiler/lib/\libsming.a(I2cMaster.o)
 .bss._ZL11INADDR_NONE
                0x3fff12f4        0x8 c:/tools/sming/Sming/compiler/lib/\libsming.a(WShift.o)
 .bss._ZL11INADDR_NONE
                0x3fff12fc        0x8 c:/tools/sming/Sming/compiler/lib/\libsming.a(DataSourceStream.o)
 .bss._ZL11INADDR_NONE
                0x3fff1304        0x8 c:/tools/sming/Sming/compiler/lib/\libsming.a(WebSocket.o)
 .bss._ZN11ArduinoJson10JsonObject8_invalidE
                0x3fff130c        0x8 c:/tools/sming/Sming/compiler/lib/\libsming.a(ArduinoJson.o)
                0x3fff130c                ArduinoJson::JsonObject::_invalid
 .bss._ZN11ArduinoJson9JsonArray8_invalidE
                0x3fff1314        0x8 c:/tools/sming/Sming/compiler/lib/\libsming.a(ArduinoJson.o)
                0x3fff1314                ArduinoJson::JsonArray::_invalid
 .bss._ZL11INADDR_NONE
                0x3fff131c        0x8 c:/tools/sming/Sming/compiler/lib/\libsming.a(CommandDelegate.o)
 .bss._ZL11INADDR_NONE
                0x3fff1324        0x8 c:/tools/sming/Sming/compiler/lib/\libsming.a(HttpRequest.o)
 .bss._ZL11INADDR_NONE
                0x3fff132c        0x8 c:/tools/sming/Sming/compiler/lib/\libsming.a(HttpResponse.o)
 .bss._ZL11INADDR_NONE
                0x3fff1334        0x8 c:/tools/sming/Sming/compiler/lib/\libsming.a(HttpServer.o)
 .bss._ZL11INADDR_NONE
                0x3fff133c        0x8 c:/tools/sming/Sming/compiler/lib/\libsming.a(HttpServerConnection.o)
 *(.gnu.linkonce.b.*)
 *(COMMON)
 COMMON         0x3fff1344       0x70 c:/tools/sming/Sming/compiler/lib/\libsming.a(spiffs_sming.o)
                0x3fff1344                _filesystemStorageHandle
                0x3fff13b8                . = ALIGN (0x8)
 *fill*         0x3fff13b4        0x4 
                0x3fff13b8                _bss_end = ABSOLUTE (.)
                0x3fff13b8                _heap_start = ABSOLUTE (.)

.irom0.text     0x40209000    0x3c23e
                0x40209000                _irom0_text_start = ABSOLUTE (.)
 *(.irom0.literal .irom.literal .irom.text.literal .irom0.text .irom.text)
 .irom0.text    0x40209000      0xa1d c:/Espressif/ESP8266_SDK/lib\libmain.a(app_main.o)
                                0xc31 (size before relaxing)
                0x402091e8                wdt_init
                0x40209290                user_uart_wait_tx_fifo_empty
                0x40209544                user_rf_pre_init
 *fill*         0x40209a1d        0x3 
 .irom0.text    0x40209a20      0x186 c:/Espressif/ESP8266_SDK/lib\libmain.a(ets_timer.o)
                                0x1b2 (size before relaxing)
                0x40209a28                ets_timer_done
                0x40209a74                ets_timer_handler_isr
                0x40209b44                ets_timer_init
 *fill*         0x40209ba6        0x2 
 .irom0.text    0x40209ba8       0xec c:/Espressif/ESP8266_SDK/lib\libmain.a(mem_manager.o)
                                 0xf8 (size before relaxing)
                0x40209ba8                check_memleak_debug_enable
                0x40209c14                xPortGetFreeHeapSize
                0x40209c1c                vPortInitialiseBlocks
 .irom0.text    0x40209c94     0x3429 c:/Espressif/ESP8266_SDK/lib\libmain.a(user_interface.o)
                               0x3e31 (size before relaxing)
                0x40209c98                system_set_os_print
                0x40209ca8                system_get_os_print
                0x40209e70                system_pp_recycle_rx_pkt
                0x40209e84                system_adc_read
                0x40209e9c                system_get_vdd33
                0x40209eb4                system_restart_hook
                0x40209ecc                system_restart_local
                0x40209fac                system_restart
                0x4020a008                system_restore
                0x4020a070                system_get_flash_size_map
                0x4020a090                system_get_boot_version
                0x4020a0c8                system_get_test_result
                0x4020a0f0                system_get_userbin_addr
                0x4020a188                system_get_boot_mode
                0x4020a1b8                system_restart_enhance
                0x4020a2e8                system_upgrade_userbin_set
                0x4020a334                system_upgrade_userbin_check
                0x4020a374                system_upgrade_flag_set
                0x4020a388                system_upgrade_flag_check
                0x4020a3b0                system_upgrade_reboot
                0x4020a4e4                system_deep_sleep_instant
                0x4020a67c                system_deep_sleep
                0x4020a6dc                system_deep_sleep_set_option
                0x4020a6f8                system_phy_temperature_alert
                0x4020a70c                system_phy_set_max_tpw
                0x4020a720                system_phy_set_tpw_via_vdd33
                0x4020a734                system_phy_set_rfoption
                0x4020a748                system_phy_set_powerup_option
                0x4020a760                system_update_cpu_freq
                0x4020a7bc                system_get_cpu_freq
                0x4020a7d4                system_overclock
                0x4020a800                system_restoreclock
                0x4020a830                system_timer_reinit
                0x4020a848                system_relative_time
                0x4020a86c                system_station_got_ip_set
                0x4020a998                system_print_meminfo
                0x4020a9f8                system_get_free_heap_size
                0x4020aa10                system_get_chip_id
                0x4020aa34                system_rtc_clock_cali_proc
                0x4020aa48                system_get_rtc_time
                0x4020aa5c                system_mktime
                0x4020ab2c                system_init_done_cb
                0x4020ab34                system_get_rst_info
                0x4020ab3c                system_get_data_of_array_8
                0x4020ab60                system_get_data_of_array_16
                0x4020ab88                system_get_string_from_flash
                0x4020abf4                wifi_softap_dhcps_start
                0x4020ac3c                wifi_softap_dhcps_stop
                0x4020ac7c                wifi_softap_dhcps_status
                0x4020ac84                wifi_station_dhcpc_start
                0x4020acdc                wifi_station_dhcpc_stop
                0x4020ad1c                wifi_station_dhcpc_event
                0x4020ad90                wifi_station_dhcpc_set_maxtry
                0x4020ada0                wifi_station_dhcpc_status
                0x4020ae18                wifi_get_opmode
                0x4020ae2c                wifi_get_opmode_default
                0x4020aea8                wifi_get_broadcast_if
                0x4020aee4                wifi_set_broadcast_if
                0x4020b044                wifi_set_opmode
                0x4020b058                wifi_set_opmode_current
                0x4020b06c                system_get_checksum
                0x4020b0ac                wifi_param_save_protect_with_check
                0x4020b140                system_param_save_with_protect
                0x4020b1e8                system_save_sys_param
                0x4020b214                system_param_load
                0x4020b34c                wifi_station_get_config
                0x4020b360                wifi_station_get_config_default
                0x4020b380                wifi_station_get_ap_info
                0x4020b438                wifi_station_ap_number_set
                0x4020b79c                wifi_station_set_config
                0x4020b7b4                wifi_station_set_config_current
                0x4020b7cc                wifi_station_restore_config
                0x4020b7e4                wifi_station_get_current_ap_id
                0x4020b7f8                wifi_station_ap_check
                0x4020b840                wifi_station_ap_change
                0x4020b96c                wifi_station_scan
                0x4020b9b8                wifi_station_get_auto_connect
                0x4020b9cc                wifi_station_set_auto_connect
                0x4020ba1c                wifi_station_save_pmk2cache
                0x4020bad0                wifi_station_connect
                0x4020bb64                wifi_station_disconnect
                0x4020bc24                wifi_station_get_connect_status
                0x4020bc54                wifi_station_set_reconnect_policy
                0x4020bc6c                wifi_station_get_reconnect_policy
                0x4020bc74                wifi_station_get_rssi
                0x4020bcc4                wifi_station_set_default_hostname
                0x4020bd2c                wifi_station_get_hostname
                0x4020bd5c                wifi_station_set_hostname
                0x4020bdfc                wifi_softap_cacl_mac
                0x4020be6c                wifi_softap_set_default_ssid
                0x4020c04c                wifi_softap_get_config
                0x4020c060                wifi_softap_get_config_default
                0x4020c3b4                wifi_softap_set_config
                0x4020c3c8                wifi_softap_set_config_current
                0x4020c3dc                wifi_softap_set_station_info
                0x4020c448                wifi_softap_get_station_info
                0x4020c4f8                wifi_softap_free_station_info
                0x4020c540                wifi_softap_get_station_num
                0x4020c594                wifi_softap_deauth
                0x4020c644                wifi_softap_get_beacon_only_mode
                0x4020c658                wifi_softap_set_beacon_only_mode
                0x4020c6bc                wifi_register_user_ie_manufacturer_recv_cb
                0x4020c6d0                wifi_unregister_user_ie_manufacturer_recv_cb
                0x4020c704                wifi_set_user_ie
                0x4020c814                wifi_get_user_ie
                0x4020c848                wifi_get_phy_mode
                0x4020c850                wifi_set_phy_mode
                0x4020c918                wifi_set_sleep_type
                0x4020c934                wifi_get_sleep_type
                0x4020c94c                wifi_get_channel
                0x4020c964                wifi_set_channel
                0x4020c9a8                wifi_promiscuous_set_mac
                0x4020ca08                wifi_promiscuous_enable
                0x4020caec                wifi_set_promiscuous_rx_cb
                0x4020cafc                wifi_get_ip_info
                0x4020cb7c                wifi_set_ip_info
                0x4020cbf0                wifi_get_macaddr
                0x4020cc50                wifi_set_macaddr
                0x4020cd6c                wifi_enable_6m_rate
                0x4020cd74                wifi_get_user_fixed_rate
                0x4020cd94                wifi_set_user_fixed_rate
                0x4020cdb4                wifi_set_user_sup_rate
                0x4020cdf0                wifi_set_user_rate_limit
                0x4020ce14                wifi_get_user_limit_rate_mask
                0x4020ce1c                wifi_set_user_limit_rate_mask
                0x4020ce34                wifi_register_send_pkt_freedom_cb
                0x4020ce48                wifi_unregister_send_pkt_freedom_cb
                0x4020ce54                wifi_send_pkt_freedom
                0x4020cea0                wifi_rfid_locp_recv_open
                0x4020ceb4                wifi_rfid_locp_recv_close
                0x4020cec8                wifi_register_rfid_locp_recv_cb
                0x4020cedc                wifi_unregister_rfid_locp_recv_cb
                0x4020cef4                wifi_status_led_install
                0x4020cf28                wifi_status_led_uninstall
                0x4020cf4c                wifi_set_status_led_output_level
                0x4020cfa0                wifi_set_event_handler_cb
                0x4020cfe8                system_os_task
                0x4020d024                system_uart_swap
                0x4020d084                system_uart_de_swap
                0x4020d0b8                system_get_sdk_version
 *fill*         0x4020d0bd        0x3 
 .irom0.text    0x4020d0c0      0x610 c:/Espressif/ESP8266_SDK/lib\libmain.a(eagle_lib.o)
                                0x620 (size before relaxing)
                0x4020d0c4                divide
                0x4020d100                skip_atoi
                0x4020d280                ets_vsnprintf
                0x4020d5e0                ets_vsprintf
                0x4020d604                ets_sprintf
                0x4020d62c                ets_strcat
                0x4020d64c                ets_strrchr
                0x4020d678                ets_strchr
                0x4020d690                bit_popcount
                0x4020d6ac                ets_snprintf
 .irom0.text    0x4020d6d0      0x2f6 c:/Espressif/ESP8266_SDK/lib\libmain.a(eagle_lwip_if.o)
                                0x3b2 (size before relaxing)
                0x4020d788                eagle_lwip_if_alloc
                0x4020d938                eagle_lwip_if_free
                0x4020d9a4                eagle_lwip_getif
 *fill*         0x4020d9c6        0x2 
 .irom0.literal
                0x4020d9c8        0x0 c:/tools/sming/Sming/compiler/lib/\libmicroc.a(strchr.o)
                                  0x4 (size before relaxing)
 .irom0.literal
                0x4020d9c8        0x0 c:/tools/sming/Sming/compiler/lib/\libmicroc.a(strrchr.o)
                                  0x4 (size before relaxing)
 .irom0.literal
                0x4020d9c8        0xc c:/tools/sming/Sming/compiler/lib/\libmicroc.a(strchrnul.o)
 .irom0.literal
                0x4020d9d4        0x4 c:/tools/sming/Sming/compiler/lib/\libmicroc.a(malloc.o)
                                 0x14 (size before relaxing)
 .irom0.literal
                0x4020d9d8        0x4 c:/tools/sming/Sming/compiler/lib/\libmicroc.a(abort.o)
                                  0x8 (size before relaxing)
 .irom0.literal
                0x4020d9dc        0x0 c:/tools/sming/Sming/compiler/lib/\libmicroc.a(sprintf.o)
                                  0x4 (size before relaxing)
 .irom0.literal
                0x4020d9dc        0x0 c:/tools/sming/Sming/compiler/lib/\libmicroc.a(vsprintf.o)
                                  0x4 (size before relaxing)
 .irom0.literal
                0x4020d9dc        0x8 c:/tools/sming/Sming/compiler/lib/\libmicrogcc.a(_divsf3.o)
                                 0x10 (size before relaxing)
 .irom0.text    0x4020d9e4       0x25 c:/tools/sming/Sming/compiler/lib/\libmicroc.a(strchr.o)
                                 0x29 (size before relaxing)
                0x4020d9e4                strchr
 *fill*         0x4020da09        0x3 
 .irom0.text    0x4020da0c        0xf c:/tools/sming/Sming/compiler/lib/\libmicroc.a(strrchr.o)
                                 0x13 (size before relaxing)
                0x4020da0c                strrchr
 *fill*         0x4020da1b        0x1 
 .irom0.text    0x4020da1c       0x75 c:/tools/sming/Sming/compiler/lib/\libmicroc.a(strchrnul.o)
                0x4020da1c                strchrnul
                0x4020da1c                __strchrnul
 *fill*         0x4020da91        0x3 
 .irom0.text    0x4020da94       0x65 c:/tools/sming/Sming/compiler/lib/\libmicroc.a(malloc.o)
                0x4020da94                malloc
                0x4020daa8                free
                0x4020dabc                realloc
                0x4020dad0                zalloc
                0x4020dae4                calloc
 *fill*         0x4020daf9        0x3 
 .irom0.text    0x4020dafc       0x11 c:/tools/sming/Sming/compiler/lib/\libmicroc.a(abort.o)
                0x4020dafc                abort
 *fill*         0x4020db0d        0x3 
 .irom0.text    0x4020db10       0xfa c:/Espressif/ESP8266_SDK/lib\libphy.a(phy.o)
                                0x11e (size before relaxing)
                0x4020db14                rf_init
                0x4020db30                bb_init
                0x4020db48                phy_init
                0x4020db78                RFChannelSel
                0x4020db94                phy_delete_channel
                0x4020dbac                phy_enable_agc
                0x4020dbc4                phy_disable_agc
                0x4020dbdc                phy_initialize_bb
                0x4020dbf4                phy_set_sense
 *fill*         0x4020dc0a        0x2 
 .irom0.text    0x4020dc0c     0x16f7 c:/Espressif/ESP8266_SDK/lib\libphy.a(phy_chip_v6_ana.o)
                               0x18e3 (size before relaxing)
                0x4020dc10                ram_pbus_set_rxgain
                0x4020dce8                ram_pbus_debugmode
                0x4020dd9c                ram_pbus_xpd_tx_on
                0x4020de08                set_rf_freq_offset
                0x4020de7c                chip_v6_rxmax_ext_ana
                0x4020dfd0                ram_chip_v6_rx_init
                0x4020e004                tsen_meas
                0x4020e0b4                readvdd33
                0x4020e280                txpwr_offset
                0x4020e33c                set_txcap_reg
                0x4020e3bc                ram_ana_inf_gating_en
                0x4020e51c                ram_restart_cal
                0x4020e588                wait_rfpll_cal_end
                0x4020e61c                ram_rfpll_set_freq
                0x4020e728                ram_set_channel_freq
                0x4020ea28                chip_60_set_channel
                0x4020ebb8                chip_v6_set_chan_offset
                0x4020ebf4                chip_v6_set_chan
                0x4020ec88                chip_v6_set_chan_wakeup
                0x4020ed0c                chip_v6_rf_init
                0x4020ef30                low_power_set
                0x4020ef84                test_tout
                0x4020f0fc                check_data_flag
                0x4020f11c                phy_get_check_flag
                0x4020f250                phy_get_vdd33
 *fill*         0x4020f303        0x1 
 .irom0.text    0x4020f304     0x3c2f c:/Espressif/ESP8266_SDK/lib\libphy.a(phy_chip_v6.o)
                               0x4293 (size before relaxing)
                0x4020f304                ram_tx_mac_enable
                0x4020f308                ram_tx_mac_disable
                0x4020f30c                rtc_mem_backup
                0x4020f33c                rtc_mem_recovery
                0x4020f36c                set_cal_rxdc
                0x4020f420                set_rx_gain_cal_iq
                0x4020f77c                gen_rx_gain_table
                0x4020f8d4                pbus_set_rxbbgain
                0x4020f954                set_rx_gain_testchip_50
                0x4020fc88                ram_get_corr_power
                0x4020fd78                check_data_func
                0x4020fd98                do_noisefloor_lsleep_v50
                0x4020fdcc                do_noisefloor
                0x4020fe3c                start_dig_rx
                0x4020fe80                stop_dig_rx
                0x4020feac                chip_v6_set_chanfreq
                0x4020fed8                tx_cap_init
                0x4021008c                target_power_add_backoff
                0x402100dc                tx_pwctrl_init_cal
                0x40210244                tx_atten_set_interp
                0x402104b4                tx_pwctrl_init
                0x402105a8                ram_get_noisefloor
                0x402105c4                get_noisefloor_sat
                0x402105f4                ram_set_noise_floor
                0x40210650                ram_start_noisefloor
                0x4021069c                read_hw_noisefloor
                0x402106c8                noise_check_loop
                0x40210824                noise_init
                0x40210a24                target_power_backoff
                0x40210a78                sdt_on_noise_start
                0x40210af8                chip_v6_set_chan_rx_cmp
                0x40210c84                chip_v6_set_chan_misc
                0x40210d18                phy_dig_spur_set
                0x40211070                phy_dig_spur_prot
                0x402112a8                chip_v6_rxmax_ext_dig
                0x402112f4                chip_v6_rxmax_ext
                0x402113a8                phy_bb_rx_cfg
                0x402117b0                uart_wait_idle
                0x402117e8                phy_pbus_soc_cfg
                0x402118a8                phy_gpio_cfg
                0x40211bf0                tx_cont_en
                0x40211c94                tx_cont_dis
                0x40211ce8                tx_cont_cfg
                0x40211d08                chip_v6_initialize_bb
                0x40211e70                periodic_cal
                0x40211f50                bbpll_cal
                0x40211fe8                periodic_cal_top
                0x40212048                register_chipv6_phy_init_param
                0x402122ec                change_bbpll160_sleep
                0x40212418                change_bbpll160
                0x40212450                set_crystal_uart
                0x402124e8                ant_switch_init
                0x40212594                reduce_current_init
                0x402125fc                rtc_mem_check
                0x40212638                phy_afterwake_set_rfoption
                0x40212658                deep_sleep_set_option
                0x40212684                write_data_to_rtc
                0x402126bc                get_data_from_rtc
                0x40212744                register_chipv6_phy
                0x40212b54                set_dpd_bypass
                0x40212b7c                set_rf_gain_stage10
                0x40212bac                get_vdd33_offset
                0x40212c20                get_phy_target_power
                0x40212cd4                set_most_pwr_reg
                0x40212da8                phy_set_most_tpw
                0x40212dc8                phy_vdd33_set_tpw
                0x40212de0                get_adc_rand
                0x40212e14                phy_get_rand
                0x40212e2c                phy_tx_pwctrl_cali
                0x40212e54                phy_check_data_table
                0x40212e90                phy_after_init_enrx
                0x40212ef4                phy_set_rx11b_reg
                0x40212f28                phy_set_powerup_option
 *fill*         0x40212f33        0x1 
 .irom0.text    0x40212f34     0x21ac c:/Espressif/ESP8266_SDK/lib\libphy.a(phy_chip_v6_cal.o)
                               0x23ec (size before relaxing)
                0x40212f34                txbbgain2dcoindex
                0x40212f54                dcoindex2txbbgain
                0x40212f78                init_cal_dcoffset
                0x4021303c                set_rfanagain_dc_reg
                0x402130d8                set_txdc_pbus
                0x40213144                get_rf_gain_qdb
                0x4021316c                correct_rf_ana_gain
                0x40213274                get_sar_dout
                0x4021330c                cal_rf_ana_gain
                0x402133e4                meas_tone_pwr_db
                0x40213454                tx_pwr_backoff
                0x402135a0                get_fcc_1m2m_pwr_offset
                0x402135dc                ram_set_txbb_atten
                0x40213670                txiq_get_mis_pwr
                0x40213714                txiq_cover
                0x40213930                ram_rfcal_txiq
                0x40213ba0                rc_cal
                0x40213d60                get_target_power_offset
                0x40213e68                get_pwctrl_correct
                0x40213ec4                tx_pwctrl_cal
                0x40214254                tx_pwctrl_bg_init
                0x402142cc                tx_pwctrl_background
                0x402143a4                read_sar_dout
                0x40214408                ram_get_fm_sar_dout
                0x402144ac                ram_cal_tos_v60
                0x4021468c                ram_get_bb_atten
                0x402146bc                ram_rfcal_txcap
                0x40214880                ram_rfcal_pwrctrl
                0x40214a9c                ram_rxiq_get_mis
                0x40214c6c                ram_rxiq_cover_mg_mp
                0x40214e10                ram_rfcal_rxiq
                0x4021501c                dpd_scale_set
                0x40215064                dpd_mem_write
 .irom0.text    0x402150e0      0xd82 c:/Espressif/ESP8266_SDK/lib\libphy.a(phy_sleep.o)
                                0xfaa (size before relaxing)
                0x402150e0                pm_usec2rtc
                0x40215114                pm_rtc2usec
                0x40215124                pm_set_sleep_cycles
                0x4021514c                pm_sleep_opt
                0x40215264                pm_wakeup_opt
                0x4021529c                get_chip_version
                0x402152dc                pm_sleep_opt_bb_off
                0x4021531c                pm_sleep_opt_bb_on
                0x40215368                pm_set_pll_xtal_wait_time
                0x402153b0                pm_prepare_to_sleep
                0x402153d4                pm_sdio_nidle
                0x40215448                chg_lslp_mem_opt_8266
                0x40215478                pm_goto_sleep
                0x402155c4                pm_wait4wakeup
                0x40215600                pm_open_rf
                0x40215644                pm_sleep_set_mac
                0x402156c8                pm_set_wakeup_mac
                0x40215764                pm_check_mac_idle
                0x402157bc                pm_set_sleep_btco
                0x4021585c                pm_set_wakeup_btco
                0x40215974                pm_set_sleep_mode
                0x40215a90                pm_unmask_bt
                0x40215af8                pm_wakeup_init
                0x40215d08                sleep_opt_8266
                0x40215d28                sleep_opt_bb_on_8266
                0x40215d60                sleep_reset_analog_rtcreg_8266
 *fill*         0x40215e62        0x2 
 .irom0.text    0x40215e64      0x469 c:/Espressif/ESP8266_SDK/lib\libpp.a(if_hwctrl.o)
                                0x581 (size before relaxing)
                0x40215e84                ic_get_addr
                0x40215e90                ic_set_opmode
                0x40215ea4                ic_enable_interface
                0x40215ef4                ic_interface_enabled
                0x40215f08                ic_disable_interface
                0x40215f50                ic_is_pure_sta
                0x40215f6c                ic_get_ptk_alg
                0x40215f7c                ic_get_gtk_alg
                0x40215f8c                ic_set_ptk_alg
                0x40215f9c                ic_set_gtk_alg
                0x40215fac                ic_interface_is_p2p
                0x40216044                ic_set_vif
                0x40216104                ic_set_sta
                0x402161dc                ic_bss_info_update
                0x40216238                ic_set_key
                0x40216294                ic_remove_key
                0x402162a8                ic_get_rssi
 *fill*         0x402162cd        0x3 
 .irom0.text    0x402162d0      0x100 c:/Espressif/ESP8266_SDK/lib\libpp.a(lmac.o)
                                0x118 (size before relaxing)
                0x402162d4                lmacInitAc
                0x40216308                lmacInit
                0x402163b4                lmacSetRetryLimit
 .irom0.text    0x402163d0     0x1859 c:/Espressif/ESP8266_SDK/lib\libpp.a(pm.o)
                               0x1d41 (size before relaxing)
                0x402163d8                pm_rtc_clock_cali_proc
                0x40216410                pm_get_ck170_period
                0x40216434                pm_set_sleep_time
                0x40216798                pm_rf_is_closed
                0x402167c8                pm_set_sleep_type_from_upper
                0x402168b8                pm_get_sleep_type
                0x40216a3c                uart_tx_flush
                0x40216a40                pm_suspend
                0x40216c60                pm_shutdown
                0x40216d28                pm_reset_idle_sleep
                0x40216d68                pm_idle_sleep
                0x40216d74                pm_open
                0x40216e3c                pm_onBcnRx
                0x402171a4                StopLightSleepSetFunc
                0x402171ac                LightSleepWakedCbSetFunc
                0x402176a8                pm_enable_gpio_wakeup
                0x402176e0                pm_attach
                0x402177d4                pm_send_nullfunc
                0x40217960                pm_is_waked
                0x40217978                pm_is_open
                0x40217990                pm_scan_lock
                0x402179b8                pm_try_scan_unlock
                0x402179d0                pm_force_scan_unlock
                0x40217a4c                pm_scan_unlocked
                0x40217a60                pm_allow_tx
                0x40217a7c                pm_assoc_parse
                0x40217a94                pm_set_addr
                0x40217ab4                pm_sleep_for
                0x40217ae4                pm_post
                0x40217be8                pm_get_idle_wait_time
 *fill*         0x40217c29        0x3 
 .irom0.text    0x40217c2c      0xa91 c:/Espressif/ESP8266_SDK/lib\libpp.a(pm_for_bcn_only_mode.o)
                                0xe21 (size before relaxing)
                0x40217c40                wifi_fpm_set_sleep_type
                0x40217c40                fpm_set_type_from_upper
                0x40217cfc                fpm_get_slp_type
                0x40217cfc                wifi_fpm_get_sleep_type
                0x40217d04                fpm_rf_is_closed
                0x40217d18                fpm_is_open
                0x40217d24                fpm_allow_tx
                0x40217d48                fpm_close
                0x40217d48                wifi_fpm_close
                0x40217dc4                fpm_open
                0x40217dc4                wifi_fpm_open
                0x40217e2c                fpm_attach
                0x40218010                fpm_set_wakeup_cb
                0x40218010                wifi_fpm_set_wakeup_cb
                0x40218180                fpm_do_wakeup
                0x40218180                wifi_fpm_do_wakeup
                0x40218644                fpm_do_sleep
                0x40218644                wifi_fpm_do_sleep
 *fill*         0x402186bd        0x3 
 .irom0.text    0x402186c0     0x15b6 c:/Espressif/ESP8266_SDK/lib\libpp.a(pp.o)
                               0x1996 (size before relaxing)
                0x402186cc                PPWdtReset
                0x40218700                pp_soft_wdt_init
                0x40218720                system_soft_wdt_feed
                0x40218720                pp_soft_wdt_feed
                0x4021873c                system_soft_wdt_stop
                0x4021873c                pp_soft_wdt_stop
                0x40218768                system_soft_wdt_restart
                0x40218768                pp_soft_wdt_restart
                0x402187a0                RxNodeNum
                0x402187b8                TxNodeNum
                0x402187dc                pp_disable_noise_timer
                0x402187fc                pp_enable_noise_timer
                0x4021890c                pp_noise_test
                0x4021891c                reset_noise_timer
                0x40218954                pp_disable_idle_timer
                0x40218978                pp_enable_idle_timer
                0x402189a0                pp_try_enable_idle_timer
                0x402189dc                ppPeocessRxPktHdr
                0x40218d24                HdlAllBuffedEb
                0x40218dac                ppTxPkt
                0x40218f14                ppProcessWaitQ
                0x40218f24                ppRegisterTxCallback
                0x40218f4c                ppUnregisterTxCallback
                0x40218f80                ppRecycleRxPkt
                0x40218fe0                ppCheckTxIdle
                0x40219258                pp_tx_idle_timeout
                0x40219414                DefFreqCalTimerCB
                0x40219794                ppGetTxQFirstAvail_Locked
                0x40219874                pp_attach
 *fill*         0x40219c76        0x2 
 .irom0.text    0x40219c78      0x296 c:/Espressif/ESP8266_SDK/lib\libpp.a(rate_control.o)
                                0x2a2 (size before relaxing)
                0x40219ec4                RC_SetBasicRate
 *fill*         0x40219f0e        0x2 
 .irom0.text    0x40219f10      0x5e9 c:/Espressif/ESP8266_SDK/lib\libpp.a(trc.o)
                                0x64d (size before relaxing)
                0x40219f10                phytype2mode
                0x40219f2c                rc_set_rate_limit_id
                0x4021a048                rcUpdatePhyMode
                0x4021a214                rcAttach
                0x4021a260                rcGetTrc
                0x4021a268                trc_onDisconnect
                0x4021a26c                trc_onScanStart
                0x4021a280                trc_onScanDone
                0x4021a29c                rc_enable_trc
                0x4021a374                rc_get_mask
                0x4021a388                rc_disable_trc
                0x4021a3dc                rc_disable_trc_by_interface
                0x4021a3f8                rc_get_sta_trc
                0x4021a43c                rc_get_trc
                0x4021a4ac                rc_get_trc_by_index
                0x4021a4cc                rc_only_sta_trc
 *fill*         0x4021a4f9        0x3 
 .irom0.text    0x4021a4fc      0xaf7 c:/Espressif/ESP8266_SDK/lib\libpp.a(wdev.o)
                                0xc53 (size before relaxing)
                0x4021a508                wDev_Option_Init
                0x4021a5fc                wDev_Enable_Beacon_Tsf
                0x4021a618                wDev_Disable_Beacon_Tsf
                0x4021a634                wDev_Set_Beacon_Int
                0x4021a63c                wDev_Reset_TBTT
                0x4021a66c                wDev_Get_Next_TBTT
                0x4021a8e8                wDev_Initialize
                0x4021a958                wDevForceAck6M
                0x4021a974                wDev_SetMacAddress
                0x4021aa10                wDev_SetRxPolicy
                0x4021aa64                wDev_SetBssid
                0x4021ab3c                wDev_ClearBssid
                0x4021ab74                wDev_Insert_KeyEntry
                0x4021ac68                wDev_remove_KeyEntry
                0x4021aca4                wDev_remove_KeyEntry_all_cnx
                0x4021acf4                wDev_Crypto_Conf
                0x4021ad90                wDev_Crypto_Disable
                0x4021adc8                wDevEnableRx
                0x4021adf0                wdev_go_sniffer
                0x4021aecc                wdev_set_sniffer_addr
                0x4021af24                wdev_exit_sniffer
 *fill*         0x4021aff3        0x1 
 .irom0.text    0x4021aff4      0x3e6 c:/Espressif/ESP8266_SDK/lib\libpp.a(esf_buf.o)
                                0x4b2 (size before relaxing)
                0x4021affc                esf_buf_alloc
                0x4021b1e0                esf_buf_recycle
                0x4021b320                esf_buf_setup
 *fill*         0x4021b3da        0x2 
 .irom0.text    0x4021b3dc      0x475 c:/Espressif/ESP8266_SDK/lib\libnet80211.a(ieee80211.o)
                                0x545 (size before relaxing)
                0x4021b460                ieee80211_rate_ref_init
                0x4021b474                ieee80211_freedom_inside_cb
                0x4021b4a4                ieee80211_freedom_init
                0x4021b4c8                ieee80211_user_ie_init
                0x4021b4e4                ieee80211_ifattach
                0x4021b548                ieee80211_mhz2ieee
                0x4021b5a4                ieee80211_chan2ieee
                0x4021b5c0                ieee80211_ieee2mhz
                0x4021b600                ieee80211_find_channel
                0x4021b62c                ieee80211_find_channel_byieee
                0x4021b67c                wifi_mode_set
 *fill*         0x4021b851        0x3 
 .irom0.text    0x4021b854       0xcf c:/Espressif/ESP8266_SDK/lib\libnet80211.a(ieee80211_crypto.o)
                                 0xd7 (size before relaxing)
                0x4021b854                ieee80211_crypto_attach
                0x4021b858                ieee80211_crypto_available
                0x4021b85c                ieee80211_crypto_setkey
                0x4021b860                ieee80211_crypto_encap
                0x4021b8b8                ieee80211_crypto_decap
 *fill*         0x4021b923        0x1 
 .irom0.text    0x4021b924       0x4c c:/Espressif/ESP8266_SDK/lib\libnet80211.a(ieee80211_ets.o)
                                 0x50 (size before relaxing)
                0x4021b928                ieee80211_getmgtframe
 .irom0.text    0x4021b970     0x1a08 c:/Espressif/ESP8266_SDK/lib\libnet80211.a(ieee80211_hostap.o)
                               0x1f77 (size before relaxing)
                0x4021bf94                ieee80211_hostap_attach
                0x4021c090                hostap_handle_timer
                0x4021c128                hostap_input
                0x4021d074                wifi_softap_start
                0x4021d1e0                wifi_softap_stop
 *fill*         0x4021d378        0x0 
 .irom0.text    0x4021d378      0xa82 c:/Espressif/ESP8266_SDK/lib\libnet80211.a(ieee80211_ht.o)
                                0xb4e (size before relaxing)
                0x4021d388                ieee80211_ht_attach
                0x4021d3dc                ieee80211_ht_node_init
                0x4021d41c                ieee80211_ht_node_cleanup
                0x4021d454                ieee80211_parse_htcap
                0x4021d538                ieee80211_ht_updateparams
                0x4021d64c                ieee80211_setup_htrates
                0x4021d718                ieee80211_setup_basic_htrates
                0x4021da64                ieee80211_add_htcap
                0x4021da80                ieee80211_add_htcap_vendor
                0x4021dba4                ieee80211_add_htinfo
                0x4021dbc0                ieee80211_add_htinfo_vendor
 *fill*         0x4021ddfa        0x2 
 .irom0.text    0x4021ddfc      0xa8c c:/Espressif/ESP8266_SDK/lib\libnet80211.a(ieee80211_input.o)
                                0xb1c (size before relaxing)
                0x4021ddfc                ieee80211_deliver_data
                0x4021de50                ieee80211_decap
                0x4021df54                ieee80211_setup_rates
                0x4021dfc4                ieee80211_alloc_challenge
                0x4021e000                ieee80211_parse_beacon
                0x4021e5d4                ieee80211_parse_wpa
                0x4021e6e8                ieee80211_parse_rsn
                0x4021e7e8                ieee80211_parse_action
                0x4021e884                ieee80211_setup_rateset
 .irom0.text    0x4021e888      0x2a6 c:/Espressif/ESP8266_SDK/lib\libnet80211.a(ieee80211_mesh_quick.o)
                                0x302 (size before relaxing)
                0x4021e894                ieee80211_mesh_quick_init
                0x4021e904                ieee80211_mesh_quick_deinit
                0x4021e934                ieee80211_mesh_quick_set
                0x4021ea30                ieee80211_mesh_quick_get
                0x4021eafc                ieee80211_mesh_quick_ie_add
 *fill*         0x4021eb2e        0x2 
 .irom0.text    0x4021eb30     0x1c56 c:/Espressif/ESP8266_SDK/lib\libnet80211.a(ieee80211_output.o)
                               0x1ff2 (size before relaxing)
                0x4021eb34                ieee80211_output_pbuf
                0x4021eda8                ieee80211_send_setup
                0x4021eedc                ieee80211_mgmt_output
                0x4021efc0                ieee80211_tx_mgt_cb
                0x4021efc4                ieee80211_send_nulldata
                0x4021f434                ieee80211_add_rates
                0x4021f484                ieee80211_add_xrates
                0x4021f554                ieee80211_send_probereq
                0x4021f768                ieee80211_getcapinfo
                0x4021f7c4                ieee80211_send_mgmt
                0x4021fd64                ieee80211_alloc_proberesp
                0x4021ff3c                ieee80211_send_proberesp
                0x40220088                ieee80211_alloc_deauth
                0x402200c8                ieee80211_send_deauth
                0x40220204                ieee80211_freedom_output
                0x402205f0                ieee80211_beacon_alloc
 *fill*         0x40220786        0x2 
 .irom0.text    0x40220788       0xe0 c:/Espressif/ESP8266_SDK/lib\libnet80211.a(ieee80211_phy.o)
                                0x108 (size before relaxing)
                0x40220788                ieee80211_phy_init
                0x402207bc                ieee80211_phy_type_get
                0x402207d8                ieee80211_setup_ratetable
 .irom0.text    0x40220868      0x1b6 c:/Espressif/ESP8266_SDK/lib\libnet80211.a(ieee80211_power.o)
                                0x1f2 (size before relaxing)
                0x40220868                ieee80211_psq_init
                0x40220888                ieee80211_psq_cleanup
                0x40220890                ieee80211_set_tim
                0x402208d0                ieee80211_pwrsave
                0x40220938                pwrsave_flushq
                0x402209e8                ieee80211_node_pwrsave
 *fill*         0x40220a1e        0x2 
 .irom0.text    0x40220a20      0x101 c:/Espressif/ESP8266_SDK/lib\libnet80211.a(ieee80211_proto.o)
                                0x129 (size before relaxing)
                0x40220a24                ieee80211_proto_attach
                0x40220a4c                ieee80211_set_shortslottime
                0x40220a68                ieee80211_iserp_rateset
                0x40220a9c                ieee80211_wme_initparams
                0x40220aa0                ieee80211_wme_updateparams
                0x40220aa8                ieee80211_mlme_connect_bss
 *fill*         0x40220b21        0x3 
 .irom0.text    0x40220b24       0xaa c:/Espressif/ESP8266_SDK/lib\libnet80211.a(ieee80211_rfid.o)
                                 0xd6 (size before relaxing)
                0x40220b24                ieee80211_rfid_locp_recv_open
                0x40220b5c                ieee80211_rfid_locp_recv_close
                0x40220b74                ieee80211_rfid_locp_recv_reset
                0x40220b94                ieee80211_rfid_locp_recv
                0x40220bb0                register_ieee80211_rfid_locp_recv_cb
                0x40220bc4                unregister_ieee80211_rfid_locp_recv_cb
 *fill*         0x40220bce        0x2 
 .irom0.text    0x40220bd0      0xf50 c:/Espressif/ESP8266_SDK/lib\libnet80211.a(ieee80211_scan.o)
                               0x1284 (size before relaxing)
                0x40220bdc                ieee80211_scan_attach
                0x40220c70                scan_start
                0x40220e34                scan_pm_channel_op_cb
                0x40220fd4                scan_cancel
                0x40221130                scan_add_bssid